
libgomp: Invalid value for environment variable OMP_NUM_THREADS

libgomp: Invalid value for environment variable OMP_NUM_THREADS

libgomp: Invalid value for environment variable OMP_NUM_THREADS
`torch_dtype` is deprecated! Use `dtype` instead!

================================================================
实验 C1（攻击验证版）：infovqa  B1+B2+B3
================================================================
  数据集  : openbmb/VisRAG-Ret-Test-InfoVQA
  ZAC 样本: 50 张（B1/B2 各 10 个攻击样本）
  Sumcheck: 50 queries（B3）
  开始    : 2026-04-04 05:34:04

[05:34:04] 加载 jina-v4 ...
Loading checkpoint shards:   0%|          | 0/2 [00:00<?, ?it/s]Loading checkpoint shards: 100%|██████████| 2/2 [00:00<00:00, 19.49it/s]Loading checkpoint shards: 100%|██████████| 2/2 [00:00<00:00, 19.44it/s]
  loaded  (10.7s)

[05:34:20] 加载数据集 ...
  corpus=459  queries=718  qrels=718  (9.7s)
  corpus 字段: ['corpus-id', 'image']
  qrels  字段: ['query-id', 'corpus-id', 'score']
  corpus_id=corpus-id  img=image  query_text=query

[05:34:29] 构建 qrels ...
  有标注查询：718 条

[05:34:29] 编码语料图像（459 张）...
  [05:35:18] 100/459  2.08 img/s  ETA 2.9min
  [05:36:06] 200/459  2.08 img/s  ETA 2.1min
  [05:36:52] 300/459  2.11 img/s  ETA 1.3min
  [05:37:41] 400/459  2.09 img/s  ETA 0.5min
  [05:38:08] 459/459  2.10 img/s  ETA 0.0min
  承诺向量 shape=(459, 2048)  (219.5s)

[05:38:09] 编码查询（718 条）...
  shape=(718, 2048)  (2.4s)

[05:38:11] 基线：干净 FAISS 搜索 ...
  基线 MRR@10=89.80  R@1=84.82  R@5=95.96  R@10=98.47  （评测 718 条，跳过 0 条）

[05:38:11] 构建 ZAC（50 张样本图像）...
  ZAC Root: b0fbd8db587bd8c8e53b868ccd0ffb89…  (29.6s)

[05:38:42] B1 图像替换攻击（10 个样本）...
  攻击：将目标图像文件替换为另一张图像内容，embedding 不变
  [01/10] vic=  0 donor= 25  before=True after=False  ✓
  [02/10] vic=  1 donor= 26  before=True after=False  ✓
  [03/10] vic=  2 donor= 27  before=True after=False  ✓
  [04/10] vic=  3 donor= 28  before=True after=False  ✓
  [05/10] vic=  4 donor= 29  before=True after=True  ✗
  [06/10] vic=  5 donor= 30  before=True after=False  ✓
  [07/10] vic=  6 donor= 31  before=True after=False  ✓
  [08/10] vic=  7 donor= 32  before=True after=False  ✓
  [09/10] vic=  8 donor= 33  before=True after=False  ✓
  [10/10] vic=  9 donor= 34  before=True after=False  ✓
  B1 检出率：9/10 = 90.0%  耗时 30.3s

[05:39:13] B2 Embedding 替换攻击（10 个样本）...
  攻击：图像文件不变，FAISS embedding 替换为随机单位向量
  [01/10] tgt=  4  before=True after=False  ✓
  [02/10] tgt= 32  before=True after=False  ✓
  [03/10] tgt=  3  before=True after=False  ✓
  [04/10] tgt= 28  before=True after=False  ✓
  [05/10] tgt= 19  before=True after=False  ✓
  [06/10] tgt= 44  before=True after=False  ✓
  [07/10] tgt= 33  before=True after=False  ✓
  [08/10] tgt= 49  before=True after=False  ✓
  [09/10] tgt=  9  before=True after=False  ✓
  [10/10] tgt= 39  before=True after=False  ✓
  B2 检出率：10/10 = 100.0%  耗时 30.0s

[05:39:43] B3 FAISS Embedding 替换攻击（相关语料项）...
  攻击：将所有相关语料项的 FAISS embedding 替换为随机单位向量
  替换了 261 个相关语料项的 embedding（corpus 占比 56.9%）
  攻击后（无验证）MRR@10=0.00  R@1=0.00  R@5=0.00  R@10=0.00
  Recall@10 下降：98.47pp  MRR@10 下降：89.80pp

[05:39:43] Sumcheck 验证（50 条 query，承诺向量）...
  B3 检出率：50/50 = 100.0%  耗时 73.4s  (1468ms/query)

================================================================
C1 攻击验证汇总：infovqa
================================================================

  检索质量（B3 攻击前后对比）
  指标                   基线（干净）          攻击后（无验证）
  ──────────────────────────────────────────────
  MRR@10                89.80              0.00
  Recall@1              84.82              0.00
  Recall@3              94.01              0.00
  Recall@5              95.96              0.00
  Recall@10             98.47              0.00

  攻击检出率
  ──────────────────────────────────────────────
  B1 图像替换（ZAC）              9/10  (90.0%)
  B2 Embedding 替换（ZAC 绑定）   10/10  (100.0%)
  B3 排名操控（Sumcheck）          50/50  (100.0%)

  VisRAG-Ret OOD 参照：MRR@10=67.26  Recall@10=87.05

结果已保存：/root/autodl-tmp/UltraRAG/notes/experiment_c1_attack_infovqa.json
缓存已清理：/root/autodl-tmp/UltraRAG/data/huggingface_cache
完成时间：2026-04-04 05:40:56
