
libgomp: Invalid value for environment variable OMP_NUM_THREADS

libgomp: Invalid value for environment variable OMP_NUM_THREADS

libgomp: Invalid value for environment variable OMP_NUM_THREADS
`torch_dtype` is deprecated! Use `dtype` instead!

================================================================
实验 C1（攻击验证版）：docvqa  B1+B2+B3
================================================================
  数据集  : openbmb/VisRAG-Ret-Test-MP-DocVQA
  ZAC 样本: 50 张（B1/B2 各 10 个攻击样本）
  Sumcheck: 50 queries（B3）
  开始    : 2026-04-04 05:10:53

[05:10:53] 加载 jina-v4 ...
Loading checkpoint shards:   0%|          | 0/2 [00:00<?, ?it/s]Loading checkpoint shards: 100%|██████████| 2/2 [00:00<00:00, 18.50it/s]Loading checkpoint shards: 100%|██████████| 2/2 [00:00<00:00, 18.46it/s]
  loaded  (10.1s)

[05:11:08] 加载数据集 ...
Generating train split:   0%|          | 0/741 [00:00<?, ? examples/s]Generating train split:  13%|█▎        | 100/741 [00:00<00:02, 272.79 examples/s]Generating train split:  27%|██▋       | 200/741 [00:00<00:01, 400.27 examples/s]Generating train split:  54%|█████▍    | 400/741 [00:00<00:00, 676.61 examples/s]Generating train split:  67%|██████▋   | 500/741 [00:00<00:00, 663.34 examples/s]Generating train split:  94%|█████████▍| 700/741 [00:01<00:00, 880.14 examples/s]Generating train split: 100%|██████████| 741/741 [00:01<00:00, 718.99 examples/s]
Generating train split:   0%|          | 0/591 [00:00<?, ? examples/s]Generating train split: 100%|██████████| 591/591 [00:00<00:00, 37347.58 examples/s]
Generating train split:   0%|          | 0/591 [00:00<?, ? examples/s]Generating train split: 100%|██████████| 591/591 [00:00<00:00, 146850.34 examples/s]
  corpus=741  queries=591  qrels=591  (11.0s)
  corpus 字段: ['corpus-id', 'image']
  qrels  字段: ['query-id', 'corpus-id', 'score']
  corpus_id=corpus-id  img=image  query_text=query

[05:11:19] 构建 qrels ...
  有标注查询：591 条

[05:11:19] 编码语料图像（741 张）...
  [05:12:10] 100/741  1.96 img/s  ETA 5.4min
  [05:12:59] 200/741  2.01 img/s  ETA 4.5min
  [05:13:46] 300/741  2.05 img/s  ETA 3.6min
  [05:14:33] 400/741  2.06 img/s  ETA 2.8min
  [05:15:21] 500/741  2.07 img/s  ETA 1.9min
  [05:16:08] 600/741  2.08 img/s  ETA 1.1min
  [05:16:55] 700/741  2.09 img/s  ETA 0.3min
  [05:17:14] 741/741  2.09 img/s  ETA 0.0min
  承诺向量 shape=(741, 2048)  (355.2s)

[05:17:14] 编码查询（591 条）...
  shape=(591, 2048)  (2.1s)

[05:17:17] 基线：干净 FAISS 搜索 ...
  基线 MRR@10=79.56  R@1=72.59  R@5=89.34  R@10=94.25  （评测 591 条，跳过 0 条）

[05:17:17] 构建 ZAC（50 张样本图像）...
  ZAC Root: adef5d279ea3aa9757dc8c42d26cf8a1…  (29.7s)

[05:17:48] B1 图像替换攻击（10 个样本）...
  攻击：将目标图像文件替换为另一张图像内容，embedding 不变
  [01/10] vic=  0 donor= 25  before=True after=False  ✓
  [02/10] vic=  1 donor= 26  before=True after=False  ✓
  [03/10] vic=  2 donor= 27  before=True after=False  ✓
  [04/10] vic=  3 donor= 28  before=True after=False  ✓
  [05/10] vic=  4 donor= 29  before=True after=False  ✓
  [06/10] vic=  5 donor= 30  before=True after=False  ✓
  [07/10] vic=  6 donor= 31  before=True after=False  ✓
  [08/10] vic=  7 donor= 32  before=True after=False  ✓
  [09/10] vic=  8 donor= 33  before=True after=False  ✓
  [10/10] vic=  9 donor= 34  before=True after=False  ✓
  B1 检出率：10/10 = 100.0%  耗时 30.1s

[05:18:18] B2 Embedding 替换攻击（10 个样本）...
  攻击：图像文件不变，FAISS embedding 替换为随机单位向量
  [01/10] tgt=  4  before=True after=False  ✓
  [02/10] tgt= 32  before=True after=False  ✓
  [03/10] tgt=  3  before=True after=False  ✓
  [04/10] tgt= 28  before=True after=False  ✓
  [05/10] tgt= 19  before=True after=False  ✓
  [06/10] tgt= 44  before=True after=False  ✓
  [07/10] tgt= 33  before=True after=False  ✓
  [08/10] tgt= 49  before=True after=False  ✓
  [09/10] tgt=  9  before=True after=False  ✓
  [10/10] tgt= 39  before=True after=False  ✓
  B2 检出率：10/10 = 100.0%  耗时 30.3s

[05:18:48] B3 FAISS Embedding 替换攻击（相关语料项）...
  攻击：将所有相关语料项的 FAISS embedding 替换为随机单位向量
  替换了 354 个相关语料项的 embedding（corpus 占比 47.8%）
  攻击后（无验证）MRR@10=0.00  R@1=0.00  R@5=0.00  R@10=0.00
  Recall@10 下降：94.25pp  MRR@10 下降：79.56pp

[05:18:48] Sumcheck 验证（50 条 query，承诺向量）...
  B3 检出率：50/50 = 100.0%  耗时 119.1s  (2383ms/query)

================================================================
C1 攻击验证汇总：docvqa
================================================================

  检索质量（B3 攻击前后对比）
  指标                   基线（干净）          攻击后（无验证）
  ──────────────────────────────────────────────
  MRR@10                79.56              0.00
  Recall@1              72.59              0.00
  Recall@3              84.60              0.00
  Recall@5              89.34              0.00
  Recall@10             94.25              0.00

  攻击检出率
  ──────────────────────────────────────────────
  B1 图像替换（ZAC）              10/10  (100.0%)
  B2 Embedding 替换（ZAC 绑定）   10/10  (100.0%)
  B3 排名操控（Sumcheck）          50/50  (100.0%)

  VisRAG-Ret OOD 参照：MRR@10=74.6  Recall@10=89.65

结果已保存：/root/autodl-tmp/UltraRAG/notes/experiment_c1_attack_docvqa.json
缓存已清理：/root/autodl-tmp/UltraRAG/data/huggingface_cache
完成时间：2026-04-04 05:20:47
