nohup: ignoring input

libgomp: Invalid value for environment variable OMP_NUM_THREADS

libgomp: Invalid value for environment variable OMP_NUM_THREADS
`torch_dtype` is deprecated! Use `dtype` instead!

================================================================
实验 C1 补充：Bloom Filter 误报率统计验证
================================================================
  数据集   : openbmb/VisRAG-Ret-Test-InfoVQA
  ZAC 大小 : 50
  试验次数 : 400 × 2 = 800 次
  理论 ε   : 0.01
  开始     : 2026-04-04 12:04:20

[12:04:20] 加载 jina-v4 ...
Loading checkpoint shards:   0%|          | 0/2 [00:00<?, ?it/s]Loading checkpoint shards: 100%|██████████| 2/2 [00:00<00:00, 19.74it/s]Loading checkpoint shards: 100%|██████████| 2/2 [00:00<00:00, 19.69it/s]
  loaded  (10.3s)

[12:04:36] 加载数据集 ...
  corpus=459  (4.8s)

[12:04:40] 编码前 450 张图像 ...
  [12:05:29] 100/450  2.07 img/s
  [12:06:18] 200/450  2.06 img/s
  [12:07:03] 300/450  2.10 img/s
  [12:07:52] 400/450  2.09 img/s
  [12:08:15] 450/450  2.10 img/s
  编码完成  shape=(450, 2048)  (215.4s)

[12:08:16] 构建 ZAC（50 张）...
  ZAC Root: b518f2f3e61a0bddf2863e3cbddf73a9…  (29.3s)

[12:08:47] 零假阴性验证（合法成员全量检查）...
  假阴性（漏报）：0/50  ✅ 零漏报

[12:10:03] B1-style 误报测试（400 次）...
  测试元素：SHA256(donor_bytes[N_ZAC..N_ZAC+N_TRIALS] ∥ emb[0])
  [12:11:27] 50/400  误报=0  (84s)
  [12:12:42] 100/400  误报=1  (160s)
  [12:13:58] 150/400  误报=2  (235s)
  [12:15:12] 200/400  误报=3  (309s)
  [12:16:27] 250/400  误报=6  (384s)
  [12:17:42] 300/400  误报=6  (459s)
  [12:18:57] 350/400  误报=7  (534s)
  [12:20:12] 400/400  误报=7  (609s)
  B1-style 误报率：7/400 = 1.75%

[12:20:12] B2-style 误报测试（400 次）...
  测试元素：SHA256(member_bytes[0] ∥ random_emb_k)
  [12:21:26] 50/400  误报=0  (75s)
  [12:22:41] 100/400  误报=0  (149s)
  [12:23:56] 150/400  误报=0  (224s)
  [12:25:11] 200/400  误报=0  (299s)
  [12:26:26] 250/400  误报=0  (374s)
  [12:27:41] 300/400  误报=1  (449s)
  [12:28:56] 350/400  误报=1  (524s)
  [12:30:10] 400/400  误报=1  (599s)
  B2-style 误报率：1/400 = 0.25%

================================================================
Bloom Filter 误报率统计验证结果
================================================================
  合法成员假阴性（漏报）  : 0/50  (✅ 零漏报)
  B1-style 误报           : 7/400  (1.75%)
  B2-style 误报           : 1/400  (0.25%)
  合计误报                : 8/800  (1.00%)
  95% Wilson CI           : [0.51%, 1.96%]
  理论 ε=0.01 ✅ 在 CI 内

结果已保存：/root/autodl-tmp/UltraRAG/notes/experiment_c1_bf_fpr.json
完成时间：2026-04-04 12:30:10
