nohup: ignoring input

libgomp: Invalid value for environment variable OMP_NUM_THREADS

libgomp: Invalid value for environment variable OMP_NUM_THREADS
`torch_dtype` is deprecated! Use `dtype` instead!

================================================================
实验 C1 补充：Bloom Filter 误报率统计验证
================================================================
  数据集   : openbmb/VisRAG-Ret-Test-InfoVQA
  ZAC 大小 : 50
  试验次数 : 400 × 2 = 800 次
  随机种子 : 42
  理论 ε   : 0.01
  开始     : 2026-04-04 16:40:46

[16:40:46] 加载 jina-v4 ...
Loading checkpoint shards:   0%|          | 0/2 [00:00<?, ?it/s]Loading checkpoint shards: 100%|██████████| 2/2 [00:00<00:00, 18.56it/s]Loading checkpoint shards: 100%|██████████| 2/2 [00:00<00:00, 18.52it/s]
  loaded  (10.2s)

[16:41:02] 加载数据集 ...
  corpus=459  非成员池=409  (6.8s)

[16:41:09] 加载全量 PIL（459 张）并对 ZAC 成员编码（前 50 张）...
  [16:41:33] PIL 100/459  编码进度 50/50
  [16:41:35] PIL 200/459  编码进度 50/50
  [16:41:37] PIL 300/459  编码进度 50/50
  [16:41:40] PIL 400/459  编码进度 50/50
  [16:41:42] PIL 459/459  编码进度 50/50
  PIL 全量加载完成，ZAC 成员编码 shape=(50, 2048)  (34.2s)

[16:41:43] 构建 ZAC（50 张）...
  ZAC Root: 8686bb0d7e3d9989b836dff9b5a1a9cb…  (29.3s)

[16:42:13] 零假阴性验证（合法成员全量检查）...
  假阴性（漏报）：0/50  ✅ 零漏报

[16:43:29] B1-style 误报测试（400 次）...
  测试元素：SHA256(donor_bytes[随机400张] ∥ emb[22])
  非成员池：409 张，随机采样 400 张
  [16:44:53] 50/400  误报=0  (84s)
  [16:46:08] 100/400  误报=1  (159s)
  [16:47:23] 150/400  误报=2  (234s)
  [16:48:38] 200/400  误报=2  (309s)
  [16:49:53] 250/400  误报=2  (385s)
  [16:51:08] 300/400  误报=2  (460s)
  [16:52:24] 350/400  误报=2  (535s)
  [16:53:39] 400/400  误报=4  (611s)
  B1-style 误报率：4/400 = 1.00%

[16:53:39] B2-style 误报测试（400 次）...
  测试元素：SHA256(member_bytes[0] ∥ random_emb_k)
  [16:54:54] 50/400  误报=0  (75s)
  [16:56:10] 100/400  误报=0  (150s)
  [16:57:25] 150/400  误报=0  (226s)
  [16:58:40] 200/400  误报=0  (301s)
  [16:59:56] 250/400  误报=0  (376s)
  [17:01:11] 300/400  误报=1  (451s)
  [17:02:26] 350/400  误报=1  (526s)
  [17:03:41] 400/400  误报=2  (602s)
  B2-style 误报率：2/400 = 0.50%

================================================================
Bloom Filter 误报率统计验证结果
================================================================
  合法成员假阴性（漏报）
    0/50  ✅ 零漏报

  B1（图像替换，图像字节变/embedding 不变）
    误报：4/400  FPR=1.00%
    95% Wilson CI：[0.39%, 2.54%]
    理论 ε=0.01 ✅ 在 CI 内

  B2（Embedding 替换，图像字节不变/embedding 变）
    误报：2/400  FPR=0.50%
    95% Wilson CI：[0.14%, 1.80%]
    理论 ε=0.01 ✅ 在 CI 内

结果已保存：/root/autodl-tmp/UltraRAG/notes/experiment_c1_bf_fpr.json
缓存已清理：/root/autodl-tmp/UltraRAG/data/huggingface_cache
完成时间：2026-04-04 17:03:41
