nohup: ignoring input

libgomp: Invalid value for environment variable OMP_NUM_THREADS

libgomp: Invalid value for environment variable OMP_NUM_THREADS
`torch_dtype` is deprecated! Use `dtype` instead!

================================================================
实验 C1 补充：Bloom Filter 误报率统计验证
================================================================
  数据集   : openbmb/VisRAG-Ret-Test-InfoVQA
  ZAC 大小 : 50
  试验次数 : 400 × 2 = 800 次
  随机种子 : 999
  理论 ε   : 0.01
  开始     : 2026-04-04 19:19:33

[19:19:33] 加载 jina-v4 ...
Loading checkpoint shards:   0%|          | 0/2 [00:00<?, ?it/s]Loading checkpoint shards: 100%|██████████| 2/2 [00:00<00:00, 19.64it/s]Loading checkpoint shards: 100%|██████████| 2/2 [00:00<00:00, 19.59it/s]
  loaded  (10.7s)

[19:19:49] 加载数据集 ...
Generating train split:   0%|          | 0/459 [00:00<?, ? examples/s]Generating train split:  22%|██▏       | 100/459 [00:00<00:01, 260.97 examples/s]Generating train split:  65%|██████▌   | 300/459 [00:00<00:00, 534.69 examples/s]Generating train split: 100%|██████████| 459/459 [00:00<00:00, 648.26 examples/s]
  corpus=459  非成员池=409  (14.2s)

[19:20:03] 加载全量 PIL（459 张）并对 ZAC 成员编码（前 50 张）...
  [19:20:27] PIL 100/459  编码进度 50/50
  [19:20:29] PIL 200/459  编码进度 50/50
  [19:20:31] PIL 300/459  编码进度 50/50
  [19:20:34] PIL 400/459  编码进度 50/50
  [19:20:36] PIL 459/459  编码进度 50/50
  PIL 全量加载完成，ZAC 成员编码 shape=(50, 2048)  (33.7s)

[19:20:37] 构建 ZAC（50 张）...
  ZAC Root: 8a1f227a197ed33402ad1ec12ea33dae…  (29.6s)

[19:21:08] 零假阴性验证（合法成员全量检查）...
  假阴性（漏报）：0/50  ✅ 零漏报

[19:22:24] B1-style 误报测试（400 次）...
  测试元素：SHA256(donor_bytes[随机400张] ∥ emb[6])
  非成员池：409 张，随机采样 400 张
  [19:23:48] 50/400  误报=0  (84s)
  [19:25:03] 100/400  误报=0  (160s)
  [19:26:19] 150/400  误报=1  (235s)
  [19:27:34] 200/400  误报=1  (311s)
  [19:28:50] 250/400  误报=1  (387s)
  [19:30:05] 300/400  误报=1  (462s)
  [19:31:21] 350/400  误报=1  (538s)
  [19:32:37] 400/400  误报=2  (613s)
  B1-style 误报率：2/400 = 0.50%

[19:32:37] B2-style 误报测试（400 次）...
  测试元素：SHA256(member_bytes[0] ∥ random_emb_k)
  [19:33:52] 50/400  误报=2  (75s)
  [19:35:07] 100/400  误报=2  (151s)
  [19:36:22] 150/400  误报=2  (226s)
  [19:37:38] 200/400  误报=2  (301s)
  [19:38:53] 250/400  误报=2  (376s)
  [19:40:09] 300/400  误报=3  (452s)
  [19:41:24] 350/400  误报=4  (527s)
  [19:42:39] 400/400  误报=6  (603s)
  B2-style 误报率：6/400 = 1.50%

================================================================
Bloom Filter 误报率统计验证结果
================================================================
  合法成员假阴性（漏报）
    0/50  ✅ 零漏报

  B1（图像替换，图像字节变/embedding 不变）
    误报：2/400  FPR=0.50%
    95% Wilson CI：[0.14%, 1.80%]
    理论 ε=0.01 ✅ 在 CI 内

  B2（Embedding 替换，图像字节不变/embedding 变）
    误报：6/400  FPR=1.50%
    95% Wilson CI：[0.69%, 3.23%]
    理论 ε=0.01 ✅ 在 CI 内

结果已保存：/root/autodl-tmp/UltraRAG/notes/experiment_c1_bf_fpr.json
缓存已清理：/root/autodl-tmp/UltraRAG/data/huggingface_cache
完成时间：2026-04-04 19:42:39
