nohup: ignoring input

libgomp: Invalid value for environment variable OMP_NUM_THREADS

libgomp: Invalid value for environment variable OMP_NUM_THREADS
`torch_dtype` is deprecated! Use `dtype` instead!

================================================================
实验 C1 补充：Bloom Filter 误报率统计验证
================================================================
  数据集   : openbmb/VisRAG-Ret-Test-InfoVQA
  ZAC 大小 : 50
  试验次数 : 400 × 2 = 800 次
  随机种子 : 123
  理论 ε   : 0.01
  开始     : 2026-04-04 18:29:26

[18:29:26] 加载 jina-v4 ...
Loading checkpoint shards:   0%|          | 0/2 [00:00<?, ?it/s]Loading checkpoint shards: 100%|██████████| 2/2 [00:00<00:00, 19.67it/s]Loading checkpoint shards: 100%|██████████| 2/2 [00:00<00:00, 19.62it/s]
'(ReadTimeoutError("HTTPSConnectionPool(host='huggingface.co', port=443): Read timed out. (read timeout=10)"), '(Request ID: 048502f0-fff3-44af-a631-6997b9447259)')' thrown while requesting HEAD https://huggingface.co/datasets/openbmb/VisRAG-Ret-Test-InfoVQA/resolve/04ee2db1d0a05304899453a3b03baef5e18991a3/VisRAG-Ret-Test-InfoVQA.py
Retrying in 1s [Retry 1/5].
  loaded  (10.7s)

[18:29:42] 加载数据集 ...
Generating train split:   0%|          | 0/459 [00:00<?, ? examples/s]Generating train split:  22%|██▏       | 100/459 [00:00<00:01, 255.92 examples/s]Generating train split:  65%|██████▌   | 300/459 [00:00<00:00, 513.20 examples/s]Generating train split: 100%|██████████| 459/459 [00:00<00:00, 635.18 examples/s]
  corpus=459  非成员池=409  (29.9s)

[18:30:12] 加载全量 PIL（459 张）并对 ZAC 成员编码（前 50 张）...
  [18:30:36] PIL 100/459  编码进度 50/50
  [18:30:39] PIL 200/459  编码进度 50/50
  [18:30:41] PIL 300/459  编码进度 50/50
  [18:30:44] PIL 400/459  编码进度 50/50
  [18:30:45] PIL 459/459  编码进度 50/50
  PIL 全量加载完成，ZAC 成员编码 shape=(50, 2048)  (34.3s)

[18:30:46] 构建 ZAC（50 张）...
  ZAC Root: b7cc8922e5b6ed9d1e0ecc95e0814664…  (29.9s)

[18:31:17] 零假阴性验证（合法成员全量检查）...
  假阴性（漏报）：0/50  ✅ 零漏报

[18:32:34] B1-style 误报测试（400 次）...
  测试元素：SHA256(donor_bytes[随机400张] ∥ emb[33])
  非成员池：409 张，随机采样 400 张
  [18:33:59] 50/400  误报=0  (85s)
  [18:35:15] 100/400  误报=1  (161s)
  [18:36:31] 150/400  误报=2  (237s)
  [18:37:47] 200/400  误报=5  (313s)
  [18:39:02] 250/400  误报=7  (388s)
  [18:40:18] 300/400  误报=7  (464s)
  [18:41:34] 350/400  误报=7  (540s)
  [18:42:49] 400/400  误报=7  (615s)
  B1-style 误报率：7/400 = 1.75%

[18:42:49] B2-style 误报测试（400 次）...
  测试元素：SHA256(member_bytes[0] ∥ random_emb_k)
  [18:44:05] 50/400  误报=1  (76s)
  [18:45:20] 100/400  误报=1  (151s)
  [18:46:36] 150/400  误报=1  (227s)
  [18:47:52] 200/400  误报=1  (302s)
  [18:49:07] 250/400  误报=2  (378s)
  [18:50:22] 300/400  误报=3  (453s)
  [18:51:37] 350/400  误报=3  (528s)
  [18:52:53] 400/400  误报=3  (604s)
  B2-style 误报率：3/400 = 0.75%

================================================================
Bloom Filter 误报率统计验证结果
================================================================
  合法成员假阴性（漏报）
    0/50  ✅ 零漏报

  B1（图像替换，图像字节变/embedding 不变）
    误报：7/400  FPR=1.75%
    95% Wilson CI：[0.85%, 3.57%]
    理论 ε=0.01 ✅ 在 CI 内

  B2（Embedding 替换，图像字节不变/embedding 变）
    误报：3/400  FPR=0.75%
    95% Wilson CI：[0.26%, 2.18%]
    理论 ε=0.01 ✅ 在 CI 内

结果已保存：/root/autodl-tmp/UltraRAG/notes/experiment_c1_bf_fpr.json
缓存已清理：/root/autodl-tmp/UltraRAG/data/huggingface_cache
完成时间：2026-04-04 18:52:53
