nohup: ignoring input

================================================================
实验 C1 补充：Bloom Filter 误报率统计验证
================================================================
  数据集      : openbmb/VisRAG-Ret-Test-InfoVQA
  ZAC 大小    : 50
  试验次数    : 400 × 2 = 800 次
  随机种子    : 999
  串联层数    : 2
  单层 ε      : 0.01
  理论复合 FPR: ε^2 = 0.000100
  开始        : 2026-04-28 17:07:51

[17:07:51] 加载 jina-v4 ...
`torch_dtype` is deprecated! Use `dtype` instead!
Loading checkpoint shards:   0%|          | 0/2 [00:00<?, ?it/s]Loading checkpoint shards: 100%|██████████| 2/2 [00:00<00:00, 19.77it/s]Loading checkpoint shards: 100%|██████████| 2/2 [00:00<00:00, 19.72it/s]
  loaded  (7.0s)

[17:08:03] 加载数据集 ...
  corpus=459  非成员池=409  (4.7s)

[17:08:08] 加载全量 PIL（459 张）并对 ZAC 成员编码（前 50 张）...
  [17:08:32] PIL 100/459  编码进度 50/50
  [17:08:35] PIL 200/459  编码进度 50/50
  [17:08:37] PIL 300/459  编码进度 50/50
  [17:08:40] PIL 400/459  编码进度 50/50
  [17:08:41] PIL 459/459  编码进度 50/50
  PIL 全量加载完成，ZAC 成员编码 shape=(50, 2048)  (34.3s)

[17:08:42] 构建 ZAC（50 张）...
  ZAC Root: afc68340031e16d68ab4fcd41c5fd8d6…  (59.7s)

[17:09:43] 零假阴性验证（合法成员全量检查）...
  假阴性（漏报）：0/50  ✅ 零漏报

[17:12:15] B1-style 误报测试（400 次）...
  测试元素：SHA256(donor_bytes[随机400张] ∥ emb[6])
  非成员池：409 张，随机采样 400 张
  [17:13:49] 50/400  误报=0  (94s)
  [17:15:13] 100/400  误报=0  (179s)
  [17:16:39] 150/400  误报=0  (264s)
  [17:18:04] 200/400  误报=0  (349s)
  [17:19:29] 250/400  误报=0  (434s)
  [17:20:54] 300/400  误报=0  (519s)
  [17:22:18] 350/400  误报=0  (603s)
  [17:23:44] 400/400  误报=0  (690s)
  B1-style 误报率：0/400 = 0.00%

[17:23:44] B2-style 误报测试（400 次）...
  测试元素：SHA256(member_bytes[0] ∥ random_emb_k)
  [17:25:11] 50/400  误报=0  (87s)
  [17:26:36] 100/400  误报=0  (171s)
  [17:28:00] 150/400  误报=0  (256s)
  [17:29:25] 200/400  误报=0  (341s)
  [17:30:49] 250/400  误报=0  (425s)
  [17:32:15] 300/400  误报=0  (511s)
  [17:33:41] 350/400  误报=0  (597s)
  [17:35:09] 400/400  误报=0  (684s)
  B2-style 误报率：0/400 = 0.00%

================================================================
Bloom Filter 误报率统计验证结果
================================================================
  串联层数    : 2
  单层 ε      : 0.01
  理论复合 FPR: ε^2 = 0.000100

  合法成员假阴性（漏报）
    0/50  ✅ 零漏报

  B1（图像替换，图像字节变/embedding 不变）
    误报：0/400  FPR=0.0000%
    95% Wilson CI：[0.0000%, 0.9513%]
    理论复合 FPR ✅ 在 CI 内

  B2（Embedding 替换，图像字节不变/embedding 变）
    误报：0/400  FPR=0.0000%
    95% Wilson CI：[0.0000%, 0.9513%]
    理论复合 FPR ✅ 在 CI 内

结果已保存：/root/autodl-tmp/UltraRAG/notes/experiment_results/experiment_c1_bf_fpr_n2_seed999.json
完成时间：2026-04-28 17:35:09
