nohup: ignoring input
`torch_dtype` is deprecated! Use `dtype` instead!

================================================================
实验 C1 补充：Bloom Filter 误报率统计验证
================================================================
  数据集      : openbmb/VisRAG-Ret-Test-InfoVQA
  ZAC 大小    : 50
  试验次数    : 400 × 2 = 800 次
  随机种子    : 42
  串联层数    : 2
  单层 ε      : 0.01
  理论复合 FPR: ε^2 = 0.000100
  开始        : 2026-04-28 16:36:07

[16:36:07] 加载 jina-v4 ...
Loading checkpoint shards:   0%|          | 0/2 [00:00<?, ?it/s]Loading checkpoint shards: 100%|██████████| 2/2 [00:00<00:00, 19.42it/s]Loading checkpoint shards: 100%|██████████| 2/2 [00:00<00:00, 19.36it/s]
  loaded  (7.5s)

[16:36:20] 加载数据集 ...
  corpus=459  非成员池=409  (12.0s)

[16:36:32] 加载全量 PIL（459 张）并对 ZAC 成员编码（前 50 张）...
  [16:36:56] PIL 100/459  编码进度 50/50
  [16:36:58] PIL 200/459  编码进度 50/50
  [16:37:00] PIL 300/459  编码进度 50/50
  [16:37:03] PIL 400/459  编码进度 50/50
  [16:37:05] PIL 459/459  编码进度 50/50
  PIL 全量加载完成，ZAC 成员编码 shape=(50, 2048)  (33.8s)

[16:37:05] 构建 ZAC（50 张）...
  ZAC Root: 8c9c21b9895642288bc079157bf03099…  (60.2s)

[16:38:07] 零假阴性验证（合法成员全量检查）...
  假阴性（漏报）：0/50  ✅ 零漏报

[16:40:39] B1-style 误报测试（400 次）...
  测试元素：SHA256(donor_bytes[随机400张] ∥ emb[22])
  非成员池：409 张，随机采样 400 张
  [16:42:14] 50/400  误报=0  (95s)
  [16:43:40] 100/400  误报=0  (181s)
  [16:45:06] 150/400  误报=0  (267s)
  [16:46:31] 200/400  误报=0  (352s)
  [16:47:56] 250/400  误报=0  (437s)
  [16:49:21] 300/400  误报=0  (522s)
  [16:50:46] 350/400  误报=0  (607s)
  [16:52:14] 400/400  误报=0  (695s)
  B1-style 误报率：0/400 = 0.00%

[16:52:14] B2-style 误报测试（400 次）...
  测试元素：SHA256(member_bytes[0] ∥ random_emb_k)
  [16:53:40] 50/400  误报=0  (86s)
  [16:55:05] 100/400  误报=0  (171s)
  [16:56:31] 150/400  误报=0  (257s)
  [16:57:56] 200/400  误报=0  (342s)
  [16:59:21] 250/400  误报=0  (427s)
  [17:00:47] 300/400  误报=0  (513s)
  [17:02:11] 350/400  误报=0  (597s)
  [17:03:38] 400/400  误报=0  (684s)
  B2-style 误报率：0/400 = 0.00%

================================================================
Bloom Filter 误报率统计验证结果
================================================================
  串联层数    : 2
  单层 ε      : 0.01
  理论复合 FPR: ε^2 = 0.000100

  合法成员假阴性（漏报）
    0/50  ✅ 零漏报

  B1（图像替换，图像字节变/embedding 不变）
    误报：0/400  FPR=0.0000%
    95% Wilson CI：[0.0000%, 0.9513%]
    理论复合 FPR ✅ 在 CI 内

  B2（Embedding 替换，图像字节不变/embedding 变）
    误报：0/400  FPR=0.0000%
    95% Wilson CI：[0.0000%, 0.9513%]
    理论复合 FPR ✅ 在 CI 内

结果已保存：/root/autodl-tmp/UltraRAG/notes/experiment_results/experiment_c1_bf_fpr_n2_seed42.json
缓存已清理：/root/autodl-tmp/UltraRAG/data/huggingface_cache
完成时间：2026-04-28 17:03:38
