nohup: ignoring input

================================================================
实验 C1 补充：Bloom Filter 误报率统计验证
================================================================
  数据集      : openbmb/VisRAG-Ret-Test-InfoVQA
  ZAC 大小    : 50
  试验次数    : 400 × 2 = 800 次
  随机种子    : 123
  串联层数    : 2
  单层 ε      : 0.01
  理论复合 FPR: ε^2 = 0.000100
  开始        : 2026-04-28 17:04:39

[17:04:39] 加载 jina-v4 ...
`torch_dtype` is deprecated! Use `dtype` instead!
Loading checkpoint shards:   0%|          | 0/2 [00:00<?, ?it/s]Loading checkpoint shards: 100%|██████████| 2/2 [00:00<00:00, 19.72it/s]Loading checkpoint shards: 100%|██████████| 2/2 [00:00<00:00, 19.67it/s]
  loaded  (7.1s)

[17:04:52] 加载数据集 ...
Generating train split:   0%|          | 0/459 [00:00<?, ? examples/s]Generating train split:  22%|██▏       | 100/459 [00:00<00:01, 244.19 examples/s]Generating train split:  65%|██████▌   | 300/459 [00:00<00:00, 487.33 examples/s]Generating train split: 100%|██████████| 459/459 [00:00<00:00, 619.37 examples/s]
  corpus=459  非成员池=409  (6.6s)

[17:04:58] 加载全量 PIL（459 张）并对 ZAC 成员编码（前 50 张）...
  [17:05:23] PIL 100/459  编码进度 50/50
  [17:05:25] PIL 200/459  编码进度 50/50
  [17:05:27] PIL 300/459  编码进度 50/50
  [17:05:30] PIL 400/459  编码进度 50/50
  [17:05:32] PIL 459/459  编码进度 50/50
  PIL 全量加载完成，ZAC 成员编码 shape=(50, 2048)  (34.4s)

[17:05:33] 构建 ZAC（50 张）...
  ZAC Root: a264280a22a85d0078236dd583c39b80…  (59.6s)

[17:06:34] 零假阴性验证（合法成员全量检查）...
  假阴性（漏报）：0/50  ✅ 零漏报

[17:09:04] B1-style 误报测试（400 次）...
  测试元素：SHA256(donor_bytes[随机400张] ∥ emb[33])
  非成员池：409 张，随机采样 400 张
  [17:10:38] 50/400  误报=0  (93s)
  [17:12:03] 100/400  误报=0  (179s)
  [17:13:29] 150/400  误报=0  (265s)
  [17:14:58] 200/400  误报=0  (353s)
  [17:16:25] 250/400  误报=0  (440s)
  [17:17:49] 300/400  误报=0  (524s)
  [17:19:13] 350/400  误报=0  (608s)
  [17:20:37] 400/400  误报=0  (693s)
  B1-style 误报率：0/400 = 0.00%

[17:20:37] B2-style 误报测试（400 次）...
  测试元素：SHA256(member_bytes[0] ∥ random_emb_k)
  [17:22:02] 50/400  误报=0  (85s)
  [17:23:27] 100/400  误报=0  (169s)
  [17:24:51] 150/400  误报=0  (253s)
  [17:26:14] 200/400  误报=0  (337s)
  [17:27:40] 250/400  误报=0  (422s)
  [17:29:05] 300/400  误报=0  (508s)
  [17:30:29] 350/400  误报=0  (592s)
  [17:31:54] 400/400  误报=0  (677s)
  B2-style 误报率：0/400 = 0.00%

================================================================
Bloom Filter 误报率统计验证结果
================================================================
  串联层数    : 2
  单层 ε      : 0.01
  理论复合 FPR: ε^2 = 0.000100

  合法成员假阴性（漏报）
    0/50  ✅ 零漏报

  B1（图像替换，图像字节变/embedding 不变）
    误报：0/400  FPR=0.0000%
    95% Wilson CI：[0.0000%, 0.9513%]
    理论复合 FPR ✅ 在 CI 内

  B2（Embedding 替换，图像字节不变/embedding 变）
    误报：0/400  FPR=0.0000%
    95% Wilson CI：[0.0000%, 0.9513%]
    理论复合 FPR ✅ 在 CI 内

结果已保存：/root/autodl-tmp/UltraRAG/notes/experiment_results/experiment_c1_bf_fpr_n2_seed123.json
缓存已清理：/root/autodl-tmp/UltraRAG/data/huggingface_cache
完成时间：2026-04-28 17:31:54
