nohup: ignoring input

libgomp: Invalid value for environment variable OMP_NUM_THREADS

libgomp: Invalid value for environment variable OMP_NUM_THREADS
`torch_dtype` is deprecated! Use `dtype` instead!
=================================================================
实验 C3：全层权重篡改敏感性分析（Δcos per layer）
=================================================================

加载 jina-v4...
Loading checkpoint shards:   0%|          | 0/2 [00:00<?, ?it/s]Loading checkpoint shards: 100%|██████████| 2/2 [00:00<00:00, 19.71it/s]Loading checkpoint shards: 100%|██████████| 2/2 [00:00<00:00, 19.66it/s]
  完成 (14.4s)，共 36 层

计算基线 embedding...
  shape=(5, 2048)  norm均值=1.000

开始逐层扰动实验（36 层 × 3 比例 × 3 次）...
zkLLM 覆盖层：[31, 32, 33, 34, 35]

  Layer  0 [uncovered ]  Δcos@1%=0.0009  (20s elapsed)
  Layer  1 [uncovered ]  Δcos@1%=0.1458  (41s elapsed)
  Layer  2 [uncovered ]  Δcos@1%=0.0108  (62s elapsed)
  Layer  3 [uncovered ]  Δcos@1%=0.0007  (84s elapsed)
  Layer  4 [uncovered ]  Δcos@1%=0.0006  (104s elapsed)
  Layer  5 [uncovered ]  Δcos@1%=0.0011  (125s elapsed)
  Layer  6 [uncovered ]  Δcos@1%=0.0014  (146s elapsed)
  Layer  7 [uncovered ]  Δcos@1%=0.0006  (168s elapsed)
  Layer  8 [uncovered ]  Δcos@1%=0.0004  (188s elapsed)
  Layer  9 [uncovered ]  Δcos@1%=0.0005  (208s elapsed)
  Layer 10 [uncovered ]  Δcos@1%=0.0004  (230s elapsed)
  Layer 11 [uncovered ]  Δcos@1%=0.0004  (251s elapsed)
  Layer 12 [uncovered ]  Δcos@1%=0.0004  (272s elapsed)
  Layer 13 [uncovered ]  Δcos@1%=0.0004  (294s elapsed)
  Layer 14 [uncovered ]  Δcos@1%=0.0004  (315s elapsed)
  Layer 15 [uncovered ]  Δcos@1%=0.0004  (336s elapsed)
  Layer 16 [uncovered ]  Δcos@1%=0.0003  (357s elapsed)
  Layer 17 [uncovered ]  Δcos@1%=0.0002  (379s elapsed)
  Layer 18 [uncovered ]  Δcos@1%=0.0003  (400s elapsed)
  Layer 19 [uncovered ]  Δcos@1%=0.0002  (422s elapsed)
  Layer 20 [uncovered ]  Δcos@1%=0.0003  (443s elapsed)
  Layer 21 [uncovered ]  Δcos@1%=0.0003  (464s elapsed)
  Layer 22 [uncovered ]  Δcos@1%=0.0003  (485s elapsed)
  Layer 23 [uncovered ]  Δcos@1%=0.0004  (506s elapsed)
  Layer 24 [uncovered ]  Δcos@1%=0.0004  (528s elapsed)
  Layer 25 [uncovered ]  Δcos@1%=0.0005  (549s elapsed)
  Layer 26 [uncovered ]  Δcos@1%=0.0006  (571s elapsed)
  Layer 27 [uncovered ]  Δcos@1%=0.0008  (592s elapsed)
  Layer 28 [uncovered ]  Δcos@1%=0.0010  (614s elapsed)
  Layer 29 [uncovered ]  Δcos@1%=0.0007  (635s elapsed)
  Layer 30 [uncovered ]  Δcos@1%=0.0094  (657s elapsed)
  Layer 31 [covered ✓ ]  Δcos@1%=0.0026  (678s elapsed)
  Layer 32 [covered ✓ ]  Δcos@1%=0.0031  (700s elapsed)
  Layer 33 [covered ✓ ]  Δcos@1%=0.0078  (721s elapsed)
  Layer 34 [covered ✓ ]  Δcos@1%=0.0069  (742s elapsed)
  Layer 35 [covered ✓ ]  Δcos@1%=0.0415  (763s elapsed)

=================================================================
汇总（p=1% 时各层 Δcos）
=================================================================
    层          类型   Δcos@0.1%     Δcos@1%     Δcos@5%
-------------------------------------------------------
   0    uncovered      0.0002      0.0009      0.0051
   1    uncovered      0.0087      0.1458      0.8110
   2    uncovered      0.0040      0.0108      0.0509
   3    uncovered      0.0002      0.0007      0.0123
   4    uncovered      0.0001      0.0006      0.0030
   5    uncovered      0.0003      0.0011      0.0236
   6    uncovered      0.0001      0.0014      0.0087
   7    uncovered      0.0001      0.0006      0.0043
   8    uncovered      0.0001      0.0004      0.0023
   9    uncovered      0.0001      0.0005      0.0022
  10    uncovered      0.0001      0.0004      0.0021
  11    uncovered      0.0001      0.0004      0.0018
  12    uncovered      0.0001      0.0004      0.0023
  13    uncovered      0.0001      0.0004      0.0018
  14    uncovered      0.0001      0.0004      0.0018
  15    uncovered      0.0001      0.0004      0.0015
  16    uncovered      0.0001      0.0003      0.0013
  17    uncovered      0.0001      0.0002      0.0011
  18    uncovered      0.0001      0.0003      0.0013
  19    uncovered      0.0001      0.0002      0.0010
  20    uncovered      0.0001      0.0003      0.0011
  21    uncovered      0.0001      0.0003      0.0012
  22    uncovered      0.0001      0.0003      0.0011
  23    uncovered      0.0001      0.0004      0.0015
  24    uncovered      0.0001      0.0004      0.0018
  25    uncovered      0.0001      0.0005      0.0023
  26    uncovered      0.0001      0.0006      0.0027
  27    uncovered      0.0001      0.0008      0.0039
  28    uncovered      0.0001      0.0010      0.0059
  29    uncovered      0.0001      0.0007      0.0033
  30    uncovered      0.0035      0.0094      0.0413
  31      covered      0.0003      0.0026      0.0131 ←
  32      covered      0.0003      0.0031      0.0153 ←
  33      covered      0.0008      0.0078      0.0401 ←
  34      covered      0.0006      0.0069      0.0293 ←
  35      covered      0.0098      0.0415      0.1483 ←

未覆盖层（0-30）Δcos@1% 均值：0.0058  最大：0.1458
覆盖层  （31-35）Δcos@1% 均值：0.0124  最大：0.0415

结果已保存至 /root/autodl-tmp/UltraRAG/notes/experiment_results/c3_layer_tamper_sensitivity.json
