
libgomp: Invalid value for environment variable OMP_NUM_THREADS
============================================================
Step 1  准备全 36 层权重 + 承诺文件
============================================================

  缺失层（30 层）: [0, 1, 2, 3, 4, 5, 6, 7, 8, 9, 10, 11, 12, 13, 14, 15, 16, 17, 18, 19, 20, 21, 22, 23, 24, 25, 26, 27, 28, 29]
  预计 commit-param 总次数: 210

  [1/2] 量化权重 → int.bin ...
  layer  0: int.bin 保存完成
  layer  1: int.bin 保存完成
  layer  2: int.bin 保存完成
  layer  3: int.bin 保存完成
  layer  4: int.bin 保存完成
  layer  5: int.bin 保存完成
  layer  6: int.bin 保存完成
  layer  7: int.bin 保存完成
  layer  8: int.bin 保存完成
  layer  9: int.bin 保存完成
  layer 10: int.bin 保存完成
  layer 11: int.bin 保存完成
  layer 12: int.bin 保存完成
  layer 13: int.bin 保存完成
  layer 14: int.bin 保存完成
  layer 15: int.bin 保存完成
  layer 16: int.bin 保存完成
  layer 17: int.bin 保存完成
  layer 18: int.bin 保存完成
  layer 19: int.bin 保存完成
  layer 20: int.bin 保存完成
  layer 21: int.bin 保存完成
  layer 22: int.bin 保存完成
  layer 23: int.bin 保存完成
  layer 24: int.bin 保存完成
  layer 25: int.bin 保存完成
  layer 26: int.bin 保存完成
  layer 27: int.bin 保存完成
  layer 28: int.bin 保存完成
  layer 29: int.bin 保存完成

  [2/2] 生成承诺 commitment.bin（GPU0 ∥ GPU1）...
  layer  0 self_attn.q_proj.weight          ✓  (GPU0)
  layer 15 self_attn.q_proj.weight          ✓  (GPU1)
  layer  0 self_attn.k_proj.weight          ✓  (GPU0)
  layer 15 self_attn.k_proj.weight          ✓  (GPU1)
  layer  0 self_attn.v_proj.weight          ✓  (GPU0)
  layer 15 self_attn.v_proj.weight          ✓  (GPU1)
  layer  0 self_attn.o_proj.weight          ✓  (GPU0)
  layer 15 self_attn.o_proj.weight          ✓  (GPU1)
  layer  0 mlp.up_proj.weight               ✓  (GPU0)
  layer 15 mlp.up_proj.weight               ✓  (GPU1)
  layer  0 mlp.gate_proj.weight             ✓  (GPU0)
  layer 15 mlp.gate_proj.weight             ✓  (GPU1)
  layer  0 mlp.down_proj.weight             ✓  (GPU0)
  layer 15 mlp.down_proj.weight             ✓  (GPU1)
  layer  1 self_attn.q_proj.weight          ✓  (GPU0)
  layer 16 self_attn.q_proj.weight          ✓  (GPU1)
  layer  1 self_attn.k_proj.weight          ✓  (GPU0)
  layer 16 self_attn.k_proj.weight          ✓  (GPU1)
  layer  1 self_attn.v_proj.weight          ✓  (GPU0)
  layer 16 self_attn.v_proj.weight          ✓  (GPU1)
  layer  1 self_attn.o_proj.weight          ✓  (GPU0)
  layer 16 self_attn.o_proj.weight          ✓  (GPU1)
  layer  1 mlp.up_proj.weight               ✓  (GPU0)
  layer 16 mlp.up_proj.weight               ✓  (GPU1)
  layer  1 mlp.gate_proj.weight             ✓  (GPU0)
  layer 16 mlp.gate_proj.weight             ✓  (GPU1)
  layer  1 mlp.down_proj.weight             ✓  (GPU0)
  layer 16 mlp.down_proj.weight             ✓  (GPU1)
  layer  2 self_attn.q_proj.weight          ✓  (GPU0)
  layer 17 self_attn.q_proj.weight          ✓  (GPU1)
  layer  2 self_attn.k_proj.weight          ✓  (GPU0)
  layer 17 self_attn.k_proj.weight          ✓  (GPU1)
  layer  2 self_attn.v_proj.weight          ✓  (GPU0)
  layer 17 self_attn.v_proj.weight          ✓  (GPU1)
  layer  2 self_attn.o_proj.weight          ✓  (GPU0)
  layer 17 self_attn.o_proj.weight          ✓  (GPU1)
  layer  2 mlp.up_proj.weight               ✓  (GPU0)
  layer 17 mlp.up_proj.weight               ✓  (GPU1)
  layer  2 mlp.gate_proj.weight             ✓  (GPU0)
  layer 17 mlp.gate_proj.weight             ✓  (GPU1)
  layer  2 mlp.down_proj.weight             ✓  (GPU0)
  layer 17 mlp.down_proj.weight             ✓  (GPU1)
  layer  3 self_attn.q_proj.weight          ✓  (GPU0)
  layer  3 self_attn.k_proj.weight          ✓  (GPU0)
  layer 18 self_attn.q_proj.weight          ✓  (GPU1)
  layer  3 self_attn.v_proj.weight          ✓  (GPU0)
  layer 18 self_attn.k_proj.weight          ✓  (GPU1)
  layer 18 self_attn.v_proj.weight          ✓  (GPU1)
  layer  3 self_attn.o_proj.weight          ✓  (GPU0)
  layer 18 self_attn.o_proj.weight          ✓  (GPU1)
  layer  3 mlp.up_proj.weight               ✓  (GPU0)
  layer 18 mlp.up_proj.weight               ✓  (GPU1)
  layer  3 mlp.gate_proj.weight             ✓  (GPU0)
  layer 18 mlp.gate_proj.weight             ✓  (GPU1)
  layer  3 mlp.down_proj.weight             ✓  (GPU0)
  layer  4 self_attn.q_proj.weight          ✓  (GPU0)
  layer 18 mlp.down_proj.weight             ✓  (GPU1)
  layer  4 self_attn.k_proj.weight          ✓  (GPU0)
  layer 19 self_attn.q_proj.weight          ✓  (GPU1)
  layer  4 self_attn.v_proj.weight          ✓  (GPU0)
  layer 19 self_attn.k_proj.weight          ✓  (GPU1)
  layer 19 self_attn.v_proj.weight          ✓  (GPU1)
  layer  4 self_attn.o_proj.weight          ✓  (GPU0)
  layer 19 self_attn.o_proj.weight          ✓  (GPU1)
  layer  4 mlp.up_proj.weight               ✓  (GPU0)
  layer 19 mlp.up_proj.weight               ✓  (GPU1)
  layer  4 mlp.gate_proj.weight             ✓  (GPU0)
  layer 19 mlp.gate_proj.weight             ✓  (GPU1)
  layer  4 mlp.down_proj.weight             ✓  (GPU0)
  layer  5 self_attn.q_proj.weight          ✓  (GPU0)
  layer 19 mlp.down_proj.weight             ✓  (GPU1)
  layer  5 self_attn.k_proj.weight          ✓  (GPU0)
  layer 20 self_attn.q_proj.weight          ✓  (GPU1)
  layer  5 self_attn.v_proj.weight          ✓  (GPU0)
  layer 20 self_attn.k_proj.weight          ✓  (GPU1)
  layer  5 self_attn.o_proj.weight          ✓  (GPU0)
  layer 20 self_attn.v_proj.weight          ✓  (GPU1)
  layer 20 self_attn.o_proj.weight          ✓  (GPU1)
  layer  5 mlp.up_proj.weight               ✓  (GPU0)
  layer 20 mlp.up_proj.weight               ✓  (GPU1)
  layer  5 mlp.gate_proj.weight             ✓  (GPU0)
  layer 20 mlp.gate_proj.weight             ✓  (GPU1)
  layer  5 mlp.down_proj.weight             ✓  (GPU0)
  layer  6 self_attn.q_proj.weight          ✓  (GPU0)
  layer 20 mlp.down_proj.weight             ✓  (GPU1)
  layer  6 self_attn.k_proj.weight          ✓  (GPU0)
  layer  6 self_attn.v_proj.weight          ✓  (GPU0)
  layer 21 self_attn.q_proj.weight          ✓  (GPU1)
  layer 21 self_attn.k_proj.weight          ✓  (GPU1)
  layer  6 self_attn.o_proj.weight          ✓  (GPU0)
  layer 21 self_attn.v_proj.weight          ✓  (GPU1)
  layer 21 self_attn.o_proj.weight          ✓  (GPU1)
  layer  6 mlp.up_proj.weight               ✓  (GPU0)
  layer 21 mlp.up_proj.weight               ✓  (GPU1)
  layer  6 mlp.gate_proj.weight             ✓  (GPU0)
  layer 21 mlp.gate_proj.weight             ✓  (GPU1)
  layer  6 mlp.down_proj.weight             ✓  (GPU0)
  layer  7 self_attn.q_proj.weight          ✓  (GPU0)
  layer  7 self_attn.k_proj.weight          ✓  (GPU0)
  layer 21 mlp.down_proj.weight             ✓  (GPU1)
  layer  7 self_attn.v_proj.weight          ✓  (GPU0)
  layer 22 self_attn.q_proj.weight          ✓  (GPU1)
  layer 22 self_attn.k_proj.weight          ✓  (GPU1)
  layer  7 self_attn.o_proj.weight          ✓  (GPU0)
  layer 22 self_attn.v_proj.weight          ✓  (GPU1)
  layer 22 self_attn.o_proj.weight          ✓  (GPU1)
  layer  7 mlp.up_proj.weight               ✓  (GPU0)
  layer 22 mlp.up_proj.weight               ✓  (GPU1)
  layer  7 mlp.gate_proj.weight             ✓  (GPU0)
  layer 22 mlp.gate_proj.weight             ✓  (GPU1)
  layer  7 mlp.down_proj.weight             ✓  (GPU0)
  layer  8 self_attn.q_proj.weight          ✓  (GPU0)
  layer  8 self_attn.k_proj.weight          ✓  (GPU0)
  layer 22 mlp.down_proj.weight             ✓  (GPU1)
  layer  8 self_attn.v_proj.weight          ✓  (GPU0)
  layer 23 self_attn.q_proj.weight          ✓  (GPU1)
  layer  8 self_attn.o_proj.weight          ✓  (GPU0)
  layer 23 self_attn.k_proj.weight          ✓  (GPU1)
  layer 23 self_attn.v_proj.weight          ✓  (GPU1)
  layer 23 self_attn.o_proj.weight          ✓  (GPU1)
  layer  8 mlp.up_proj.weight               ✓  (GPU0)
libgomp: Invalid value for environment variable OMP_NUM_THREADS
`torch_dtype` is deprecated! Use `dtype` instead!

  layer 23 mlp.up_proj.weight               ✓  (GPU1)
  layer  8 mlp.gate_proj.weight             ✓  (GPU0)
  layer 23 mlp.gate_proj.weight             ✓  (GPU1)
  layer  8 mlp.down_proj.weight             ✓  (GPU0)
  layer  9 self_attn.q_proj.weight          ✓  (GPU0)
  layer  9 self_attn.k_proj.weight          ✓  (GPU0)
  layer  9 self_attn.v_proj.weight          ✓  (GPU0)
  layer 23 mlp.down_proj.weight             ✓  (GPU1)
  layer  9 self_attn.o_proj.weight          ✓  (GPU0)
  layer 24 self_attn.q_proj.weight          ✓  (GPU1)
  layer 24 self_attn.k_proj.weight          ✓  (GPU1)
  layer 24 self_attn.v_proj.weight          ✓  (GPU1)
  layer 24 self_attn.o_proj.weight          ✓  (GPU1)
  layer  9 mlp.up_proj.weight               ✓  (GPU0)
  layer 24 mlp.up_proj.weight               ✓  (GPU1)
  layer  9 mlp.gate_proj.weight             ✓  (GPU0)
  layer 24 mlp.gate_proj.weight             ✓  (GPU1)
  layer  9 mlp.down_proj.weight             ✓  (GPU0)
  layer 10 self_attn.q_proj.weight          ✓  (GPU0)
  layer 10 self_attn.k_proj.weight          ✓  (GPU0)
  layer 10 self_attn.v_proj.weight          ✓  (GPU0)
  layer 24 mlp.down_proj.weight             ✓  (GPU1)
  layer 10 self_attn.o_proj.weight          ✓  (GPU0)
  layer 25 self_attn.q_proj.weight          ✓  (GPU1)
  layer 25 self_attn.k_proj.weight          ✓  (GPU1)
  layer 25 self_attn.v_proj.weight          ✓  (GPU1)
  layer 25 self_attn.o_proj.weight          ✓  (GPU1)
  layer 10 mlp.up_proj.weight               ✓  (GPU0)
  layer 25 mlp.up_proj.weight               ✓  (GPU1)
  layer 10 mlp.gate_proj.weight             ✓  (GPU0)
  layer 25 mlp.gate_proj.weight             ✓  (GPU1)
  layer 10 mlp.down_proj.weight             ✓  (GPU0)
  layer 11 self_attn.q_proj.weight          ✓  (GPU0)
  layer 11 self_attn.k_proj.weight          ✓  (GPU0)
  layer 11 self_attn.v_proj.weight          ✓  (GPU0)
  layer 25 mlp.down_proj.weight             ✓  (GPU1)
  layer 11 self_attn.o_proj.weight          ✓  (GPU0)
  layer 26 self_attn.q_proj.weight          ✓  (GPU1)
  layer 26 self_attn.k_proj.weight          ✓  (GPU1)
  layer 26 self_attn.v_proj.weight          ✓  (GPU1)
  layer 26 self_attn.o_proj.weight          ✓  (GPU1)
  layer 11 mlp.up_proj.weight               ✓  (GPU0)
  layer 26 mlp.up_proj.weight               ✓  (GPU1)
  layer 11 mlp.gate_proj.weight             ✓  (GPU0)
  layer 26 mlp.gate_proj.weight             ✓  (GPU1)
  layer 11 mlp.down_proj.weight             ✓  (GPU0)
  layer 12 self_attn.q_proj.weight          ✓  (GPU0)
  layer 12 self_attn.k_proj.weight          ✓  (GPU0)
  layer 12 self_attn.v_proj.weight          ✓  (GPU0)
  layer 26 mlp.down_proj.weight             ✓  (GPU1)
  layer 12 self_attn.o_proj.weight          ✓  (GPU0)
  layer 27 self_attn.q_proj.weight          ✓  (GPU1)
  layer 27 self_attn.k_proj.weight          ✓  (GPU1)
  layer 27 self_attn.v_proj.weight          ✓  (GPU1)
  layer 12 mlp.up_proj.weight               ✓  (GPU0)
  layer 27 self_attn.o_proj.weight          ✓  (GPU1)
  layer 12 mlp.gate_proj.weight             ✓  (GPU0)
  layer 27 mlp.up_proj.weight               ✓  (GPU1)
  layer 12 mlp.down_proj.weight             ✓  (GPU0)
  layer 27 mlp.gate_proj.weight             ✓  (GPU1)
  layer 13 self_attn.q_proj.weight          ✓  (GPU0)
  layer 13 self_attn.k_proj.weight          ✓  (GPU0)
  layer 13 self_attn.v_proj.weight          ✓  (GPU0)
  layer 27 mlp.down_proj.weight             ✓  (GPU1)
  layer 13 self_attn.o_proj.weight          ✓  (GPU0)
  layer 28 self_attn.q_proj.weight          ✓  (GPU1)
  layer 28 self_attn.k_proj.weight          ✓  (GPU1)
  layer 28 self_attn.v_proj.weight          ✓  (GPU1)
  layer 13 mlp.up_proj.weight               ✓  (GPU0)
  layer 28 self_attn.o_proj.weight          ✓  (GPU1)
  layer 13 mlp.gate_proj.weight             ✓  (GPU0)
  layer 28 mlp.up_proj.weight               ✓  (GPU1)
  layer 13 mlp.down_proj.weight             ✓  (GPU0)
  layer 28 mlp.gate_proj.weight             ✓  (GPU1)
  layer 14 self_attn.q_proj.weight          ✓  (GPU0)
  layer 14 self_attn.k_proj.weight          ✓  (GPU0)
  layer 14 self_attn.v_proj.weight          ✓  (GPU0)
  layer 28 mlp.down_proj.weight             ✓  (GPU1)
  layer 14 self_attn.o_proj.weight          ✓  (GPU0)
  layer 29 self_attn.q_proj.weight          ✓  (GPU1)
  layer 29 self_attn.k_proj.weight          ✓  (GPU1)
  layer 29 self_attn.v_proj.weight          ✓  (GPU1)
  layer 14 mlp.up_proj.weight               ✓  (GPU0)
  layer 29 self_attn.o_proj.weight          ✓  (GPU1)
  layer 14 mlp.gate_proj.weight             ✓  (GPU0)
  layer 29 mlp.up_proj.weight               ✓  (GPU1)
  layer 14 mlp.down_proj.weight             ✓  (GPU0)
  layer 29 mlp.gate_proj.weight             ✓  (GPU1)
  layer 29 mlp.down_proj.weight             ✓  (GPU1)

  所有层准备完毕。

============================================================
Step 2  加载 jina-v4
============================================================
Loading checkpoint shards:   0%|          | 0/2 [00:00<?, ?it/s]Loading checkpoint shards: 100%|██████████| 2/2 [00:00<00:00, 18.52it/s]Loading checkpoint shards: 100%|██████████| 2/2 [00:00<00:00, 18.49it/s]

============================================================
Step 3a  文字模态 — 捕获 36 层激活
============================================================
  输入: "What is the maximum aperture of the AF-S NIKKOR 50mm f/1.4G lens?"
  激活保存完成（72 个 hook 点，SEQ_LEN=1024）

============================================================
全量证明  [text]  (36 层，双卡)
============================================================
  layer  0:   3.3s  ✗ ffn=-6 lin=-6 sfx=1
    ffn stderr: terminate called after throwing an instance of 'std::runtime_error'
  what():  verifyWeightClaim: IPA verification FAILED — weight tampered?

    lin stderr: terminate called after throwing an instance of 'std::runtime_error'
  what():  verifyWeightClaim: IPA verification FAILED — weight tampered?

  layer  1:   3.3s  ✗ ffn=-6 lin=-6 sfx=1
    ffn stderr: terminate called after throwing an instance of 'std::runtime_error'
  what():  verifyWeightClaim: IPA verification FAILED — weight tampered?

    lin stderr: terminate called after throwing an instance of 'std::runtime_error'
  what():  verifyWeightClaim: IPA verification FAILED — weight tampered?

  layer  2:   3.3s  ✗ ffn=-6 lin=-6 sfx=1
    ffn stderr: terminate called after throwing an instance of 'std::runtime_error'
  what():  verifyWeightClaim: IPA verification FAILED — weight tampered?

    lin stderr: terminate called after throwing an instance of 'std::runtime_error'
  what():  verifyWeightClaim: IPA verification FAILED — weight tampered?

  layer  3:   3.2s  ✗ ffn=-6 lin=-6 sfx=1
    ffn stderr: terminate called after throwing an instance of 'std::runtime_error'
  what():  verifyWeightClaim: IPA verification FAILED — weight tampered?

    lin stderr: terminate called after throwing an instance of 'std::runtime_error'
  what():  verifyWeightClaim: IPA verification FAILED — weight tampered?

  layer  4:   3.2s  ✗ ffn=-6 lin=-6 sfx=1
    ffn stderr: terminate called after throwing an instance of 'std::runtime_error'
  what():  verifyWeightClaim: IPA verification FAILED — weight tampered?

    lin stderr: terminate called after throwing an instance of 'std::runtime_error'
  what():  verifyWeightClaim: IPA verification FAILED — weight tampered?

  layer  5:   3.2s  ✗ ffn=-6 lin=-6 sfx=1
    ffn stderr: terminate called after throwing an instance of 'std::runtime_error'
  what():  verifyWeightClaim: IPA verification FAILED — weight tampered?

    lin stderr: terminate called after throwing an instance of 'std::runtime_error'
  what():  verifyWeightClaim: IPA verification FAILED — weight tampered?

  layer  6:   3.2s  ✗ ffn=-6 lin=-6 sfx=1
    ffn stderr: terminate called after throwing an instance of 'std::runtime_error'
  what():  verifyWeightClaim: IPA verification FAILED — weight tampered?

    lin stderr: terminate called after throwing an instance of 'std::runtime_error'
  what():  verifyWeightClaim: IPA verification FAILED — weight tampered?

  layer  7:   3.2s  ✗ ffn=-6 lin=-6 sfx=1
    ffn stderr: terminate called after throwing an instance of 'std::runtime_error'
  what():  verifyWeightClaim: IPA verification FAILED — weight tampered?

    lin stderr: terminate called after throwing an instance of 'std::runtime_error'
  what():  verifyWeightClaim: IPA verification FAILED — weight tampered?

  layer  8:   3.3s  ✗ ffn=-6 lin=-6 sfx=1
    ffn stderr: terminate called after throwing an instance of 'std::runtime_error'
  what():  verifyWeightClaim: IPA verification FAILED — weight tampered?

    lin stderr: terminate called after throwing an instance of 'std::runtime_error'
  what():  verifyWeightClaim: IPA verification FAILED — weight tampered?

  layer  9:   3.3s  ✗ ffn=-6 lin=-6 sfx=1
    ffn stderr: terminate called after throwing an instance of 'std::runtime_error'
  what():  verifyWeightClaim: IPA verification FAILED — weight tampered?

    lin stderr: terminate called after throwing an instance of 'std::runtime_error'
  what():  verifyWeightClaim: IPA verification FAILED — weight tampered?

  layer 10:   3.3s  ✗ ffn=-6 lin=-6 sfx=1
    ffn stderr: terminate called after throwing an instance of 'std::runtime_error'
  what():  verifyWeightClaim: IPA verification FAILED — weight tampered?

    lin stderr: terminate called after throwing an instance of 'std::runtime_error'
  what():  verifyWeightClaim: IPA verification FAILED — weight tampered?

  layer 11:   3.2s  ✗ ffn=-6 lin=-6 sfx=1
    ffn stderr: terminate called after throwing an instance of 'std::runtime_error'
  what():  verifyWeightClaim: IPA verification FAILED — weight tampered?

    lin stderr: terminate called after throwing an instance of 'std::runtime_error'
  what():  verifyWeightClaim: IPA verification FAILED — weight tampered?

  layer 12:   3.2s  ✗ ffn=-6 lin=-6 sfx=1
    ffn stderr: terminate called after throwing an instance of 'std::runtime_error'
  what():  verifyWeightClaim: IPA verification FAILED — weight tampered?

    lin stderr: terminate called after throwing an instance of 'std::runtime_error'
  what():  verifyWeightClaim: IPA verification FAILED — weight tampered?

  layer 13:   3.3s  ✗ ffn=-6 lin=-6 sfx=1
    ffn stderr: terminate called after throwing an instance of 'std::runtime_error'
  what():  verifyWeightClaim: IPA verification FAILED — weight tampered?

    lin stderr: terminate called after throwing an instance of 'std::runtime_error'
  what():  verifyWeightClaim: IPA verification FAILED — weight tampered?

  layer 14:   3.3s  ✗ ffn=-6 lin=-6 sfx=1
    ffn stderr: terminate called after throwing an instance of 'std::runtime_error'
  what():  verifyWeightClaim: IPA verification FAILED — weight tampered?

    lin stderr: terminate called after throwing an instance of 'std::runtime_error'
  what():  verifyWeightClaim: IPA verification FAILED — weight tampered?

  layer 15:   3.2s  ✗ ffn=-6 lin=-6 sfx=1
    ffn stderr: terminate called after throwing an instance of 'std::runtime_error'
  what():  verifyWeightClaim: IPA verification FAILED — weight tampered?

    lin stderr: terminate called after throwing an instance of 'std::runtime_error'
  what():  verifyWeightClaim: IPA verification FAILED — weight tampered?

  layer 16:   3.3s  ✗ ffn=-6 lin=-6 sfx=1
    ffn stderr: terminate called after throwing an instance of 'std::runtime_error'
  what():  verifyWeightClaim: IPA verification FAILED — weight tampered?

    lin stderr: terminate called after throwing an instance of 'std::runtime_error'
  what():  verifyWeightClaim: IPA verification FAILED — weight tampered?

  layer 17:   3.3s  ✗ ffn=-6 lin=-6 sfx=1
    ffn stderr: terminate called after throwing an instance of 'std::runtime_error'
  what():  verifyWeightClaim: IPA verification FAILED — weight tampered?

    lin stderr: terminate called after throwing an instance of 'std::runtime_error'
  what():  verifyWeightClaim: IPA verification FAILED — weight tampered?

  layer 18:   3.3s  ✗ ffn=-6 lin=-6 sfx=1
    ffn stderr: terminate called after throwing an instance of 'std::runtime_error'
  what():  verifyWeightClaim: IPA verification FAILED — weight tampered?

    lin stderr: terminate called after throwing an instance of 'std::runtime_error'
  what():  verifyWeightClaim: IPA verification FAILED — weight tampered?

  layer 19:   3.3s  ✗ ffn=-6 lin=-6 sfx=1
    ffn stderr: terminate called after throwing an instance of 'std::runtime_error'
  what():  verifyWeightClaim: IPA verification FAILED — weight tampered?

    lin stderr: terminate called after throwing an instance of 'std::runtime_error'
  what():  verifyWeightClaim: IPA verification FAILED — weight tampered?

  layer 20:   3.2s  ✗ ffn=-6 lin=-6 sfx=1
    ffn stderr: terminate called after throwing an instance of 'std::runtime_error'
  what():  verifyWeightClaim: IPA verification FAILED — weight tampered?

    lin stderr: terminate called after throwing an instance of 'std::runtime_error'
  what():  verifyWeightClaim: IPA verification FAILED — weight tampered?

  layer 21:   3.3s  ✗ ffn=-6 lin=-6 sfx=1
    ffn stderr: terminate called after throwing an instance of 'std::runtime_error'
  what():  verifyWeightClaim: IPA verification FAILED — weight tampered?

    lin stderr: terminate called after throwing an instance of 'std::runtime_error'
  what():  verifyWeightClaim: IPA verification FAILED — weight tampered?

  layer 22:   3.3s  ✗ ffn=-6 lin=-6 sfx=1
    ffn stderr: terminate called after throwing an instance of 'std::runtime_error'
  what():  verifyWeightClaim: IPA verification FAILED — weight tampered?

    lin stderr: terminate called after throwing an instance of 'std::runtime_error'
  what():  verifyWeightClaim: IPA verification FAILED — weight tampered?

  layer 23:   3.2s  ✗ ffn=-6 lin=-6 sfx=1
    ffn stderr: terminate called after throwing an instance of 'std::runtime_error'
  what():  verifyWeightClaim: IPA verification FAILED — weight tampered?

    lin stderr: terminate called after throwing an instance of 'std::runtime_error'
  what():  verifyWeightClaim: IPA verification FAILED — weight tampered?

  layer 24:   3.3s  ✗ ffn=-6 lin=-6 sfx=1
    ffn stderr: terminate called after throwing an instance of 'std::runtime_error'
  what():  verifyWeightClaim: IPA verification FAILED — weight tampered?

    lin stderr: terminate called after throwing an instance of 'std::runtime_error'
  what():  verifyWeightClaim: IPA verification FAILED — weight tampered?

  layer 25:   3.3s  ✗ ffn=-6 lin=-6 sfx=1
    ffn stderr: terminate called after throwing an instance of 'std::runtime_error'
  what():  verifyWeightClaim: IPA verification FAILED — weight tampered?

    lin stderr: terminate called after throwing an instance of 'std::runtime_error'
  what():  verifyWeightClaim: IPA verification FAILED — weight tampered?

  layer 26:   3.3s  ✗ ffn=-6 lin=-6 sfx=1
    ffn stderr: terminate called after throwing an instance of 'std::runtime_error'
  what():  verifyWeightClaim: IPA verification FAILED — weight tampered?

    lin stderr: terminate called after throwing an instance of 'std::runtime_error'
  what():  verifyWeightClaim: IPA verification FAILED — weight tampered?

  layer 27:   3.3s  ✗ ffn=-6 lin=-6 sfx=1
    ffn stderr: terminate called after throwing an instance of 'std::runtime_error'
  what():  verifyWeightClaim: IPA verification FAILED — weight tampered?

    lin stderr: terminate called after throwing an instance of 'std::runtime_error'
  what():  verifyWeightClaim: IPA verification FAILED — weight tampered?

  layer 28:   3.3s  ✗ ffn=-6 lin=-6 sfx=1
    ffn stderr: terminate called after throwing an instance of 'std::runtime_error'
  what():  verifyWeightClaim: IPA verification FAILED — weight tampered?

    lin stderr: terminate called after throwing an instance of 'std::runtime_error'
  what():  verifyWeightClaim: IPA verification FAILED — weight tampered?

  layer 29:   3.3s  ✗ ffn=-6 lin=-6 sfx=1
    ffn stderr: terminate called after throwing an instance of 'std::runtime_error'
  what():  verifyWeightClaim: IPA verification FAILED — weight tampered?

    lin stderr: terminate called after throwing an instance of 'std::runtime_error'
  what():  verifyWeightClaim: IPA verification FAILED — weight tampered?

  layer 30:   3.3s  ✗ ffn=-6 lin=-6 sfx=1
    ffn stderr: terminate called after throwing an instance of 'std::runtime_error'
  what():  verifyWeightClaim: IPA verification FAILED — weight tampered?

    lin stderr: terminate called after throwing an instance of 'std::runtime_error'
  what():  verifyWeightClaim: IPA verification FAILED — weight tampered?

  layer 31:   3.3s  ✗ ffn=-6 lin=-6 sfx=1
    ffn stderr: terminate called after throwing an instance of 'std::runtime_error'
  what():  verifyWeightClaim: IPA verification FAILED — weight tampered?

    lin stderr: terminate called after throwing an instance of 'std::runtime_error'
  what():  verifyWeightClaim: IPA verification FAILED — weight tampered?

  layer 32:   3.4s  ✗ ffn=-6 lin=-6 sfx=1
    ffn stderr: terminate called after throwing an instance of 'std::runtime_error'
  what():  verifyWeightClaim: IPA verification FAILED — weight tampered?

    lin stderr: terminate called after throwing an instance of 'std::runtime_error'
  what():  verifyWeightClaim: IPA verification FAILED — weight tampered?

  layer 33:   3.4s  ✗ ffn=-6 lin=-6 sfx=1
    ffn stderr: terminate called after throwing an instance of 'std::runtime_error'
  what():  verifyWeightClaim: IPA verification FAILED — weight tampered?

    lin stderr: terminate called after throwing an instance of 'std::runtime_error'
  what():  verifyWeightClaim: IPA verification FAILED — weight tampered?

  layer 34:   3.3s  ✗ ffn=-6 lin=-6 sfx=1
    ffn stderr: terminate called after throwing an instance of 'std::runtime_error'
  what():  verifyWeightClaim: IPA verification FAILED — weight tampered?

    lin stderr: terminate called after throwing an instance of 'std::runtime_error'
  what():  verifyWeightClaim: IPA verification FAILED — weight tampered?

  layer 35:   3.3s  ✗ ffn=-6 lin=-6 sfx=1
    ffn stderr: terminate called after throwing an instance of 'std::runtime_error'
  what():  verifyWeightClaim: IPA verification FAILED — weight tampered?

    lin stderr: terminate called after throwing an instance of 'std::runtime_error'
  what():  verifyWeightClaim: IPA verification FAILED — weight tampered?


  总计: 118.1s  (2.0 min)  全部通过: False

============================================================
Step 3b  图像模态 — 捕获 36 层激活
============================================================
  输入: page_0.jpg
  激活保存完成（72 个 hook 点，SEQ_LEN=1024）

============================================================
全量证明  [image]  (36 层，双卡)
============================================================
  layer  0:   3.2s  ✗ ffn=-6 lin=-6 sfx=1
    ffn stderr: terminate called after throwing an instance of 'std::runtime_error'
  what():  verifyWeightClaim: IPA verification FAILED — weight tampered?

    lin stderr: terminate called after throwing an instance of 'std::runtime_error'
  what():  verifyWeightClaim: IPA verification FAILED — weight tampered?

  layer  1:   3.3s  ✗ ffn=-6 lin=-6 sfx=1
    ffn stderr: terminate called after throwing an instance of 'std::runtime_error'
  what():  verifyWeightClaim: IPA verification FAILED — weight tampered?

    lin stderr: terminate called after throwing an instance of 'std::runtime_error'
  what():  verifyWeightClaim: IPA verification FAILED — weight tampered?

  layer  2:   3.2s  ✗ ffn=-6 lin=-6 sfx=1
    ffn stderr: terminate called after throwing an instance of 'std::runtime_error'
  what():  verifyWeightClaim: IPA verification FAILED — weight tampered?

    lin stderr: terminate called after throwing an instance of 'std::runtime_error'
  what():  verifyWeightClaim: IPA verification FAILED — weight tampered?

  layer  3:   3.2s  ✗ ffn=-6 lin=-6 sfx=1
    ffn stderr: terminate called after throwing an instance of 'std::runtime_error'
  what():  verifyWeightClaim: IPA verification FAILED — weight tampered?

    lin stderr: terminate called after throwing an instance of 'std::runtime_error'
  what():  verifyWeightClaim: IPA verification FAILED — weight tampered?

  layer  4:   3.2s  ✗ ffn=-6 lin=-6 sfx=1
    ffn stderr: terminate called after throwing an instance of 'std::runtime_error'
  what():  verifyWeightClaim: IPA verification FAILED — weight tampered?

    lin stderr: terminate called after throwing an instance of 'std::runtime_error'
  what():  verifyWeightClaim: IPA verification FAILED — weight tampered?

  layer  5:   3.3s  ✗ ffn=-6 lin=-6 sfx=1
    ffn stderr: terminate called after throwing an instance of 'std::runtime_error'
  what():  verifyWeightClaim: IPA verification FAILED — weight tampered?

    lin stderr: terminate called after throwing an instance of 'std::runtime_error'
  what():  verifyWeightClaim: IPA verification FAILED — weight tampered?

  layer  6:   3.3s  ✗ ffn=-6 lin=-6 sfx=1
    ffn stderr: terminate called after throwing an instance of 'std::runtime_error'
  what():  verifyWeightClaim: IPA verification FAILED — weight tampered?

    lin stderr: terminate called after throwing an instance of 'std::runtime_error'
  what():  verifyWeightClaim: IPA verification FAILED — weight tampered?

  layer  7:   3.3s  ✗ ffn=-6 lin=-6 sfx=1
    ffn stderr: terminate called after throwing an instance of 'std::runtime_error'
  what():  verifyWeightClaim: IPA verification FAILED — weight tampered?

    lin stderr: terminate called after throwing an instance of 'std::runtime_error'
  what():  verifyWeightClaim: IPA verification FAILED — weight tampered?

  layer  8:   3.3s  ✗ ffn=-6 lin=-6 sfx=1
    ffn stderr: terminate called after throwing an instance of 'std::runtime_error'
  what():  verifyWeightClaim: IPA verification FAILED — weight tampered?

    lin stderr: terminate called after throwing an instance of 'std::runtime_error'
  what():  verifyWeightClaim: IPA verification FAILED — weight tampered?

  layer  9:   3.2s  ✗ ffn=-6 lin=-6 sfx=1
    ffn stderr: terminate called after throwing an instance of 'std::runtime_error'
  what():  verifyWeightClaim: IPA verification FAILED — weight tampered?

    lin stderr: terminate called after throwing an instance of 'std::runtime_error'
  what():  verifyWeightClaim: IPA verification FAILED — weight tampered?

  layer 10:   3.2s  ✗ ffn=-6 lin=-6 sfx=1
    ffn stderr: terminate called after throwing an instance of 'std::runtime_error'
  what():  verifyWeightClaim: IPA verification FAILED — weight tampered?

    lin stderr: terminate called after throwing an instance of 'std::runtime_error'
  what():  verifyWeightClaim: IPA verification FAILED — weight tampered?

  layer 11:   3.3s  ✗ ffn=-6 lin=-6 sfx=1
    ffn stderr: terminate called after throwing an instance of 'std::runtime_error'
  what():  verifyWeightClaim: IPA verification FAILED — weight tampered?

    lin stderr: terminate called after throwing an instance of 'std::runtime_error'
  what():  verifyWeightClaim: IPA verification FAILED — weight tampered?

  layer 12:   3.2s  ✗ ffn=-6 lin=-6 sfx=1
    ffn stderr: terminate called after throwing an instance of 'std::runtime_error'
  what():  verifyWeightClaim: IPA verification FAILED — weight tampered?

    lin stderr: terminate called after throwing an instance of 'std::runtime_error'
  what():  verifyWeightClaim: IPA verification FAILED — weight tampered?

  layer 13:   3.3s  ✗ ffn=-6 lin=-6 sfx=1
    ffn stderr: terminate called after throwing an instance of 'std::runtime_error'
  what():  verifyWeightClaim: IPA verification FAILED — weight tampered?

    lin stderr: terminate called after throwing an instance of 'std::runtime_error'
  what():  verifyWeightClaim: IPA verification FAILED — weight tampered?

  layer 14:   3.3s  ✗ ffn=-6 lin=-6 sfx=1
    ffn stderr: terminate called after throwing an instance of 'std::runtime_error'
  what():  verifyWeightClaim: IPA verification FAILED — weight tampered?

    lin stderr: terminate called after throwing an instance of 'std::runtime_error'
  what():  verifyWeightClaim: IPA verification FAILED — weight tampered?

  layer 15:   3.3s  ✗ ffn=-6 lin=-6 sfx=1
    ffn stderr: terminate called after throwing an instance of 'std::runtime_error'
  what():  verifyWeightClaim: IPA verification FAILED — weight tampered?

    lin stderr: terminate called after throwing an instance of 'std::runtime_error'
  what():  verifyWeightClaim: IPA verification FAILED — weight tampered?

  layer 16:   3.3s  ✗ ffn=-6 lin=-6 sfx=1
    ffn stderr: terminate called after throwing an instance of 'std::runtime_error'
  what():  verifyWeightClaim: IPA verification FAILED — weight tampered?

    lin stderr: terminate called after throwing an instance of 'std::runtime_error'
  what():  verifyWeightClaim: IPA verification FAILED — weight tampered?

  layer 17:   3.3s  ✗ ffn=-6 lin=-6 sfx=1
    ffn stderr: terminate called after throwing an instance of 'std::runtime_error'
  what():  verifyWeightClaim: IPA verification FAILED — weight tampered?

    lin stderr: terminate called after throwing an instance of 'std::runtime_error'
  what():  verifyWeightClaim: IPA verification FAILED — weight tampered?

  layer 18:   3.3s  ✗ ffn=-6 lin=-6 sfx=1
    ffn stderr: terminate called after throwing an instance of 'std::runtime_error'
  what():  verifyWeightClaim: IPA verification FAILED — weight tampered?

    lin stderr: terminate called after throwing an instance of 'std::runtime_error'
  what():  verifyWeightClaim: IPA verification FAILED — weight tampered?

  layer 19:   3.2s  ✗ ffn=-6 lin=-6 sfx=1
    ffn stderr: terminate called after throwing an instance of 'std::runtime_error'
  what():  verifyWeightClaim: IPA verification FAILED — weight tampered?

    lin stderr: terminate called after throwing an instance of 'std::runtime_error'
  what():  verifyWeightClaim: IPA verification FAILED — weight tampered?

  layer 20:   3.2s  ✗ ffn=-6 lin=-6 sfx=1
    ffn stderr: terminate called after throwing an instance of 'std::runtime_error'
  what():  verifyWeightClaim: IPA verification FAILED — weight tampered?

    lin stderr: terminate called after throwing an instance of 'std::runtime_error'
  what():  verifyWeightClaim: IPA verification FAILED — weight tampered?

  layer 21:   3.3s  ✗ ffn=-6 lin=-6 sfx=1
    ffn stderr: terminate called after throwing an instance of 'std::runtime_error'
  what():  verifyWeightClaim: IPA verification FAILED — weight tampered?

    lin stderr: terminate called after throwing an instance of 'std::runtime_error'
  what():  verifyWeightClaim: IPA verification FAILED — weight tampered?

  layer 22:   3.3s  ✗ ffn=-6 lin=-6 sfx=1
    ffn stderr: terminate called after throwing an instance of 'std::runtime_error'
  what():  verifyWeightClaim: IPA verification FAILED — weight tampered?

    lin stderr: terminate called after throwing an instance of 'std::runtime_error'
  what():  verifyWeightClaim: IPA verification FAILED — weight tampered?

  layer 23:   3.3s  ✗ ffn=-6 lin=-6 sfx=1
    ffn stderr: terminate called after throwing an instance of 'std::runtime_error'
  what():  verifyWeightClaim: IPA verification FAILED — weight tampered?

    lin stderr: terminate called after throwing an instance of 'std::runtime_error'
  what():  verifyWeightClaim: IPA verification FAILED — weight tampered?

  layer 24:   3.3s  ✗ ffn=-6 lin=-6 sfx=1
    ffn stderr: terminate called after throwing an instance of 'std::runtime_error'
  what():  verifyWeightClaim: IPA verification FAILED — weight tampered?

    lin stderr: terminate called after throwing an instance of 'std::runtime_error'
  what():  verifyWeightClaim: IPA verification FAILED — weight tampered?

  layer 25:   3.2s  ✗ ffn=-6 lin=-6 sfx=1
    ffn stderr: terminate called after throwing an instance of 'std::runtime_error'
  what():  verifyWeightClaim: IPA verification FAILED — weight tampered?

    lin stderr: terminate called after throwing an instance of 'std::runtime_error'
  what():  verifyWeightClaim: IPA verification FAILED — weight tampered?

  layer 26:   3.3s  ✗ ffn=-6 lin=-6 sfx=1
    ffn stderr: terminate called after throwing an instance of 'std::runtime_error'
  what():  verifyWeightClaim: IPA verification FAILED — weight tampered?

    lin stderr: terminate called after throwing an instance of 'std::runtime_error'
  what():  verifyWeightClaim: IPA verification FAILED — weight tampered?

  layer 27:   3.3s  ✗ ffn=-6 lin=-6 sfx=1
    ffn stderr: terminate called after throwing an instance of 'std::runtime_error'
  what():  verifyWeightClaim: IPA verification FAILED — weight tampered?

    lin stderr: terminate called after throwing an instance of 'std::runtime_error'
  what():  verifyWeightClaim: IPA verification FAILED — weight tampered?

  layer 28:   3.3s  ✗ ffn=-6 lin=-6 sfx=1
    ffn stderr: terminate called after throwing an instance of 'std::runtime_error'
  what():  verifyWeightClaim: IPA verification FAILED — weight tampered?

    lin stderr: terminate called after throwing an instance of 'std::runtime_error'
  what():  verifyWeightClaim: IPA verification FAILED — weight tampered?

  layer 29:   3.3s  ✗ ffn=-6 lin=-6 sfx=1
    ffn stderr: terminate called after throwing an instance of 'std::runtime_error'
  what():  verifyWeightClaim: IPA verification FAILED — weight tampered?

    lin stderr: terminate called after throwing an instance of 'std::runtime_error'
  what():  verifyWeightClaim: IPA verification FAILED — weight tampered?

  layer 30:   3.3s  ✗ ffn=-6 lin=-6 sfx=1
    ffn stderr: terminate called after throwing an instance of 'std::runtime_error'
  what():  verifyWeightClaim: IPA verification FAILED — weight tampered?

    lin stderr: terminate called after throwing an instance of 'std::runtime_error'
  what():  verifyWeightClaim: IPA verification FAILED — weight tampered?

  layer 31:   3.4s  ✗ ffn=-6 lin=-6 sfx=1
    ffn stderr: terminate called after throwing an instance of 'std::runtime_error'
  what():  verifyWeightClaim: IPA verification FAILED — weight tampered?

    lin stderr: terminate called after throwing an instance of 'std::runtime_error'
  what():  verifyWeightClaim: IPA verification FAILED — weight tampered?

  layer 32:   3.2s  ✗ ffn=-6 lin=-6 sfx=1
    ffn stderr: terminate called after throwing an instance of 'std::runtime_error'
  what():  verifyWeightClaim: IPA verification FAILED — weight tampered?

    lin stderr: terminate called after throwing an instance of 'std::runtime_error'
  what():  verifyWeightClaim: IPA verification FAILED — weight tampered?

  layer 33:   3.3s  ✗ ffn=-6 lin=-6 sfx=1
    ffn stderr: terminate called after throwing an instance of 'std::runtime_error'
  what():  verifyWeightClaim: IPA verification FAILED — weight tampered?

    lin stderr: terminate called after throwing an instance of 'std::runtime_error'
  what():  verifyWeightClaim: IPA verification FAILED — weight tampered?

  layer 34:   3.3s  ✗ ffn=-6 lin=-6 sfx=1
    ffn stderr: terminate called after throwing an instance of 'std::runtime_error'
  what():  verifyWeightClaim: IPA verification FAILED — weight tampered?

    lin stderr: terminate called after throwing an instance of 'std::runtime_error'
  what():  verifyWeightClaim: IPA verification FAILED — weight tampered?

  layer 35:   3.3s  ✗ ffn=-6 lin=-6 sfx=1
    ffn stderr: terminate called after throwing an instance of 'std::runtime_error'
  what():  verifyWeightClaim: IPA verification FAILED — weight tampered?

    lin stderr: terminate called after throwing an instance of 'std::runtime_error'
  what():  verifyWeightClaim: IPA verification FAILED — weight tampered?


  总计: 118.1s  (2.0 min)  全部通过: False

============================================================
汇总
============================================================
  text  :  118.1s  (2.0 min)  verified=False
  image :  118.1s  (2.0 min)  verified=False

结果保存: /root/autodl-tmp/UltraRAG/notes/experiment_results/full_proof_timing.json
