`torch_dtype` is deprecated! Use `dtype` instead!
Loading jina-v4 via SentenceTransformer ...
Loading checkpoint shards:   0%|          | 0/2 [00:00<?, ?it/s]Loading checkpoint shards: 100%|██████████| 2/2 [00:00<00:00, 19.56it/s]Loading checkpoint shards: 100%|██████████| 2/2 [00:00<00:00, 19.52it/s]
  loaded.

── 提取 ViT block 权重 (blocks [1, 2, 3, 4, 5, 6, 8, 9, 10, 11, 12, 13, 14, 15, 16, 17, 18, 19, 20, 21, 22, 23, 24, 25, 26, 27, 28, 29, 30, 31]) ──────────────────────────
  Block 1: weights saved (q/k/v split from fused QKV)
  Block 2: weights saved (q/k/v split from fused QKV)
  Block 3: weights saved (q/k/v split from fused QKV)
  Block 4: weights saved (q/k/v split from fused QKV)
  Block 5: weights saved (q/k/v split from fused QKV)
  Block 6: weights saved (q/k/v split from fused QKV)
  Block 8: weights saved (q/k/v split from fused QKV)
  Block 9: weights saved (q/k/v split from fused QKV)
  Block 10: weights saved (q/k/v split from fused QKV)
  Block 11: weights saved (q/k/v split from fused QKV)
  Block 12: weights saved (q/k/v split from fused QKV)
  Block 13: weights saved (q/k/v split from fused QKV)
  Block 14: weights saved (q/k/v split from fused QKV)
  Block 15: weights saved (q/k/v split from fused QKV)
  Block 16: weights saved (q/k/v split from fused QKV)
  Block 17: weights saved (q/k/v split from fused QKV)
  Block 18: weights saved (q/k/v split from fused QKV)
  Block 19: weights saved (q/k/v split from fused QKV)
  Block 20: weights saved (q/k/v split from fused QKV)
  Block 21: weights saved (q/k/v split from fused QKV)
  Block 22: weights saved (q/k/v split from fused QKV)
  Block 23: weights saved (q/k/v split from fused QKV)
  Block 24: weights saved (q/k/v split from fused QKV)
  Block 25: weights saved (q/k/v split from fused QKV)
  Block 26: weights saved (q/k/v split from fused QKV)
  Block 27: weights saved (q/k/v split from fused QKV)
  Block 28: weights saved (q/k/v split from fused QKV)
  Block 29: weights saved (q/k/v split from fused QKV)
  Block 30: weights saved (q/k/v split from fused QKV)
  Block 31: weights saved (q/k/v split from fused QKV)

── 生成公共参数 (ppgen) ────────────────────────────────────────
  pp exists: vit_self_attn.q_proj.weight-pp.bin
  pp exists: vit_self_attn.k_proj.weight-pp.bin
  pp exists: vit_self_attn.v_proj.weight-pp.bin
  pp exists: vit_self_attn.o_proj.weight-pp.bin
  pp exists: vit_mlp.gate_proj.weight-pp.bin
  pp exists: vit_mlp.up_proj.weight-pp.bin
  pp exists: vit_mlp.down_proj.weight-pp.bin
  pp exists: vit_input_layernorm.weight-pp.bin
  pp exists: vit_post_attention_layernorm.weight-pp.bin

── 生成承诺 (commit-param) ──────────────────────────────────────
  Block 1:
    commit-param vit-block-1-self_attn.q_proj.weight-commitment.bin ... OK
    commit-param vit-block-1-self_attn.k_proj.weight-commitment.bin ... OK
    commit-param vit-block-1-self_attn.v_proj.weight-commitment.bin ... OK
    commit-param vit-block-1-self_attn.o_proj.weight-commitment.bin ... OK
    commit-param vit-block-1-mlp.gate_proj.weight-commitment.bin ... OK
    commit-param vit-block-1-mlp.up_proj.weight-commitment.bin ... OK
    commit-param vit-block-1-mlp.down_proj.weight-commitment.bin ... OK
    commit-param vit-block-1-input_layernorm.weight-commitment.bin ... OK
    commit-param vit-block-1-post_attention_layernorm.weight-commitment.bin ... OK
  Block 2:
    commit-param vit-block-2-self_attn.q_proj.weight-commitment.bin ... OK
    commit-param vit-block-2-self_attn.k_proj.weight-commitment.bin ... OK
    commit-param vit-block-2-self_attn.v_proj.weight-commitment.bin ... OK
    commit-param vit-block-2-self_attn.o_proj.weight-commitment.bin ... OK
    commit-param vit-block-2-mlp.gate_proj.weight-commitment.bin ... OK
    commit-param vit-block-2-mlp.up_proj.weight-commitment.bin ... OK
    commit-param vit-block-2-mlp.down_proj.weight-commitment.bin ... OK
    commit-param vit-block-2-input_layernorm.weight-commitment.bin ... OK
    commit-param vit-block-2-post_attention_layernorm.weight-commitment.bin ... OK
  Block 3:
    commit-param vit-block-3-self_attn.q_proj.weight-commitment.bin ... OK
    commit-param vit-block-3-self_attn.k_proj.weight-commitment.bin ... OK
    commit-param vit-block-3-self_attn.v_proj.weight-commitment.bin ... OK
    commit-param vit-block-3-self_attn.o_proj.weight-commitment.bin ... OK
    commit-param vit-block-3-mlp.gate_proj.weight-commitment.bin ... OK
    commit-param vit-block-3-mlp.up_proj.weight-commitment.bin ... OK
    commit-param vit-block-3-mlp.down_proj.weight-commitment.bin ... OK
    commit-param vit-block-3-input_layernorm.weight-commitment.bin ... OK
    commit-param vit-block-3-post_attention_layernorm.weight-commitment.bin ... OK
  Block 4:
    commit-param vit-block-4-self_attn.q_proj.weight-commitment.bin ... OK
    commit-param vit-block-4-self_attn.k_proj.weight-commitment.bin ... OK
    commit-param vit-block-4-self_attn.v_proj.weight-commitment.bin ... OK
    commit-param vit-block-4-self_attn.o_proj.weight-commitment.bin ... OK
    commit-param vit-block-4-mlp.gate_proj.weight-commitment.bin ... OK
    commit-param vit-block-4-mlp.up_proj.weight-commitment.bin ... OK
    commit-param vit-block-4-mlp.down_proj.weight-commitment.bin ... OK
    commit-param vit-block-4-input_layernorm.weight-commitment.bin ... OK
    commit-param vit-block-4-post_attention_layernorm.weight-commitment.bin ... OK
  Block 5:
    commit-param vit-block-5-self_attn.q_proj.weight-commitment.bin ... OK
    commit-param vit-block-5-self_attn.k_proj.weight-commitment.bin ... OK
    commit-param vit-block-5-self_attn.v_proj.weight-commitment.bin ... OK
    commit-param vit-block-5-self_attn.o_proj.weight-commitment.bin ... OK
    commit-param vit-block-5-mlp.gate_proj.weight-commitment.bin ... OK
    commit-param vit-block-5-mlp.up_proj.weight-commitment.bin ... OK
    commit-param vit-block-5-mlp.down_proj.weight-commitment.bin ... OK
    commit-param vit-block-5-input_layernorm.weight-commitment.bin ... OK
    commit-param vit-block-5-post_attention_layernorm.weight-commitment.bin ... OK
  Block 6:
    commit-param vit-block-6-self_attn.q_proj.weight-commitment.bin ... OK
    commit-param vit-block-6-self_attn.k_proj.weight-commitment.bin ... OK
    commit-param vit-block-6-self_attn.v_proj.weight-commitment.bin ... OK
    commit-param vit-block-6-self_attn.o_proj.weight-commitment.bin ... OK
    commit-param vit-block-6-mlp.gate_proj.weight-commitment.bin ... OK
    commit-param vit-block-6-mlp.up_proj.weight-commitment.bin ... OK
    commit-param vit-block-6-mlp.down_proj.weight-commitment.bin ... OK
    commit-param vit-block-6-input_layernorm.weight-commitment.bin ... OK
    commit-param vit-block-6-post_attention_layernorm.weight-commitment.bin ... OK
  Block 8:
    commit-param vit-block-8-self_attn.q_proj.weight-commitment.bin ... OK
    commit-param vit-block-8-self_attn.k_proj.weight-commitment.bin ... OK
    commit-param vit-block-8-self_attn.v_proj.weight-commitment.bin ... OK
    commit-param vit-block-8-self_attn.o_proj.weight-commitment.bin ... OK
    commit-param vit-block-8-mlp.gate_proj.weight-commitment.bin ... OK
    commit-param vit-block-8-mlp.up_proj.weight-commitment.bin ... OK
    commit-param vit-block-8-mlp.down_proj.weight-commitment.bin ... OK
    commit-param vit-block-8-input_layernorm.weight-commitment.bin ... OK
    commit-param vit-block-8-post_attention_layernorm.weight-commitment.bin ... OK
  Block 9:
    commit-param vit-block-9-self_attn.q_proj.weight-commitment.bin ... OK
    commit-param vit-block-9-self_attn.k_proj.weight-commitment.bin ... OK
    commit-param vit-block-9-self_attn.v_proj.weight-commitment.bin ... OK
    commit-param vit-block-9-self_attn.o_proj.weight-commitment.bin ... OK
    commit-param vit-block-9-mlp.gate_proj.weight-commitment.bin ... OK
    commit-param vit-block-9-mlp.up_proj.weight-commitment.bin ... OK
    commit-param vit-block-9-mlp.down_proj.weight-commitment.bin ... OK
    commit-param vit-block-9-input_layernorm.weight-commitment.bin ... OK
    commit-param vit-block-9-post_attention_layernorm.weight-commitment.bin ... OK
  Block 10:
    commit-param vit-block-10-self_attn.q_proj.weight-commitment.bin ... OK
    commit-param vit-block-10-self_attn.k_proj.weight-commitment.bin ... OK
    commit-param vit-block-10-self_attn.v_proj.weight-commitment.bin ... OK
    commit-param vit-block-10-self_attn.o_proj.weight-commitment.bin ... OK
    commit-param vit-block-10-mlp.gate_proj.weight-commitment.bin ... OK
    commit-param vit-block-10-mlp.up_proj.weight-commitment.bin ... OK
    commit-param vit-block-10-mlp.down_proj.weight-commitment.bin ... OK
    commit-param vit-block-10-input_layernorm.weight-commitment.bin ... OK
    commit-param vit-block-10-post_attention_layernorm.weight-commitment.bin ... OK
  Block 11:
    commit-param vit-block-11-self_attn.q_proj.weight-commitment.bin ... OK
    commit-param vit-block-11-self_attn.k_proj.weight-commitment.bin ... OK
    commit-param vit-block-11-self_attn.v_proj.weight-commitment.bin ... OK
    commit-param vit-block-11-self_attn.o_proj.weight-commitment.bin ... OK
    commit-param vit-block-11-mlp.gate_proj.weight-commitment.bin ... OK
    commit-param vit-block-11-mlp.up_proj.weight-commitment.bin ... OK
    commit-param vit-block-11-mlp.down_proj.weight-commitment.bin ... OK
    commit-param vit-block-11-input_layernorm.weight-commitment.bin ... OK
    commit-param vit-block-11-post_attention_layernorm.weight-commitment.bin ... OK
  Block 12:
    commit-param vit-block-12-self_attn.q_proj.weight-commitment.bin ... OK
    commit-param vit-block-12-self_attn.k_proj.weight-commitment.bin ... OK
    commit-param vit-block-12-self_attn.v_proj.weight-commitment.bin ... OK
    commit-param vit-block-12-self_attn.o_proj.weight-commitment.bin ... OK
    commit-param vit-block-12-mlp.gate_proj.weight-commitment.bin ... OK
    commit-param vit-block-12-mlp.up_proj.weight-commitment.bin ... OK
    commit-param vit-block-12-mlp.down_proj.weight-commitment.bin ... OK
    commit-param vit-block-12-input_layernorm.weight-commitment.bin ... OK
    commit-param vit-block-12-post_attention_layernorm.weight-commitment.bin ... OK
  Block 13:
    commit-param vit-block-13-self_attn.q_proj.weight-commitment.bin ... OK
    commit-param vit-block-13-self_attn.k_proj.weight-commitment.bin ... OK
    commit-param vit-block-13-self_attn.v_proj.weight-commitment.bin ... OK
    commit-param vit-block-13-self_attn.o_proj.weight-commitment.bin ... OK
    commit-param vit-block-13-mlp.gate_proj.weight-commitment.bin ... OK
    commit-param vit-block-13-mlp.up_proj.weight-commitment.bin ... OK
    commit-param vit-block-13-mlp.down_proj.weight-commitment.bin ... OK
    commit-param vit-block-13-input_layernorm.weight-commitment.bin ... OK
    commit-param vit-block-13-post_attention_layernorm.weight-commitment.bin ... OK
  Block 14:
    commit-param vit-block-14-self_attn.q_proj.weight-commitment.bin ... OK
    commit-param vit-block-14-self_attn.k_proj.weight-commitment.bin ... OK
    commit-param vit-block-14-self_attn.v_proj.weight-commitment.bin ... OK
    commit-param vit-block-14-self_attn.o_proj.weight-commitment.bin ... OK
    commit-param vit-block-14-mlp.gate_proj.weight-commitment.bin ... OK
    commit-param vit-block-14-mlp.up_proj.weight-commitment.bin ... OK
    commit-param vit-block-14-mlp.down_proj.weight-commitment.bin ... OK
    commit-param vit-block-14-input_layernorm.weight-commitment.bin ... OK
    commit-param vit-block-14-post_attention_layernorm.weight-commitment.bin ... OK
  Block 15:
    commit-param vit-block-15-self_attn.q_proj.weight-commitment.bin ... OK
    commit-param vit-block-15-self_attn.k_proj.weight-commitment.bin ... OK
    commit-param vit-block-15-self_attn.v_proj.weight-commitment.bin ... OK
    commit-param vit-block-15-self_attn.o_proj.weight-commitment.bin ... OK
    commit-param vit-block-15-mlp.gate_proj.weight-commitment.bin ... OK
    commit-param vit-block-15-mlp.up_proj.weight-commitment.bin ... OK
    commit-param vit-block-15-mlp.down_proj.weight-commitment.bin ... OK
    commit-param vit-block-15-input_layernorm.weight-commitment.bin ... OK
    commit-param vit-block-15-post_attention_layernorm.weight-commitment.bin ... OK
  Block 16:
    commit-param vit-block-16-self_attn.q_proj.weight-commitment.bin ... OK
    commit-param vit-block-16-self_attn.k_proj.weight-commitment.bin ... OK
    commit-param vit-block-16-self_attn.v_proj.weight-commitment.bin ... OK
    commit-param vit-block-16-self_attn.o_proj.weight-commitment.bin ... OK
    commit-param vit-block-16-mlp.gate_proj.weight-commitment.bin ... OK
    commit-param vit-block-16-mlp.up_proj.weight-commitment.bin ... OK
    commit-param vit-block-16-mlp.down_proj.weight-commitment.bin ... OK
    commit-param vit-block-16-input_layernorm.weight-commitment.bin ... OK
    commit-param vit-block-16-post_attention_layernorm.weight-commitment.bin ... OK
  Block 17:
    commit-param vit-block-17-self_attn.q_proj.weight-commitment.bin ... OK
    commit-param vit-block-17-self_attn.k_proj.weight-commitment.bin ... OK
    commit-param vit-block-17-self_attn.v_proj.weight-commitment.bin ... OK
    commit-param vit-block-17-self_attn.o_proj.weight-commitment.bin ... OK
    commit-param vit-block-17-mlp.gate_proj.weight-commitment.bin ... OK
    commit-param vit-block-17-mlp.up_proj.weight-commitment.bin ... OK
    commit-param vit-block-17-mlp.down_proj.weight-commitment.bin ... OK
    commit-param vit-block-17-input_layernorm.weight-commitment.bin ... OK
    commit-param vit-block-17-post_attention_layernorm.weight-commitment.bin ... OK
  Block 18:
    commit-param vit-block-18-self_attn.q_proj.weight-commitment.bin ... OK
    commit-param vit-block-18-self_attn.k_proj.weight-commitment.bin ... OK
    commit-param vit-block-18-self_attn.v_proj.weight-commitment.bin ... OK
    commit-param vit-block-18-self_attn.o_proj.weight-commitment.bin ... OK
    commit-param vit-block-18-mlp.gate_proj.weight-commitment.bin ... OK
    commit-param vit-block-18-mlp.up_proj.weight-commitment.bin ... OK
    commit-param vit-block-18-mlp.down_proj.weight-commitment.bin ... OK
    commit-param vit-block-18-input_layernorm.weight-commitment.bin ... OK
    commit-param vit-block-18-post_attention_layernorm.weight-commitment.bin ... OK
  Block 19:
    commit-param vit-block-19-self_attn.q_proj.weight-commitment.bin ... OK
    commit-param vit-block-19-self_attn.k_proj.weight-commitment.bin ... OK
    commit-param vit-block-19-self_attn.v_proj.weight-commitment.bin ... OK
    commit-param vit-block-19-self_attn.o_proj.weight-commitment.bin ... OK
    commit-param vit-block-19-mlp.gate_proj.weight-commitment.bin ... OK
    commit-param vit-block-19-mlp.up_proj.weight-commitment.bin ... OK
    commit-param vit-block-19-mlp.down_proj.weight-commitment.bin ... OK
    commit-param vit-block-19-input_layernorm.weight-commitment.bin ... OK
    commit-param vit-block-19-post_attention_layernorm.weight-commitment.bin ... OK
  Block 20:
    commit-param vit-block-20-self_attn.q_proj.weight-commitment.bin ... OK
    commit-param vit-block-20-self_attn.k_proj.weight-commitment.bin ... OK
    commit-param vit-block-20-self_attn.v_proj.weight-commitment.bin ... OK
    commit-param vit-block-20-self_attn.o_proj.weight-commitment.bin ... OK
    commit-param vit-block-20-mlp.gate_proj.weight-commitment.bin ... OK
    commit-param vit-block-20-mlp.up_proj.weight-commitment.bin ... OK
    commit-param vit-block-20-mlp.down_proj.weight-commitment.bin ... OK
    commit-param vit-block-20-input_layernorm.weight-commitment.bin ... OK
    commit-param vit-block-20-post_attention_layernorm.weight-commitment.bin ... OK
  Block 21:
    commit-param vit-block-21-self_attn.q_proj.weight-commitment.bin ... OK
    commit-param vit-block-21-self_attn.k_proj.weight-commitment.bin ... OK
    commit-param vit-block-21-self_attn.v_proj.weight-commitment.bin ... OK
    commit-param vit-block-21-self_attn.o_proj.weight-commitment.bin ... OK
    commit-param vit-block-21-mlp.gate_proj.weight-commitment.bin ... OK
    commit-param vit-block-21-mlp.up_proj.weight-commitment.bin ... OK
    commit-param vit-block-21-mlp.down_proj.weight-commitment.bin ... OK
    commit-param vit-block-21-input_layernorm.weight-commitment.bin ... OK
    commit-param vit-block-21-post_attention_layernorm.weight-commitment.bin ... OK
  Block 22:
    commit-param vit-block-22-self_attn.q_proj.weight-commitment.bin ... OK
    commit-param vit-block-22-self_attn.k_proj.weight-commitment.bin ... OK
    commit-param vit-block-22-self_attn.v_proj.weight-commitment.bin ... OK
    commit-param vit-block-22-self_attn.o_proj.weight-commitment.bin ... OK
    commit-param vit-block-22-mlp.gate_proj.weight-commitment.bin ... OK
    commit-param vit-block-22-mlp.up_proj.weight-commitment.bin ... OK
    commit-param vit-block-22-mlp.down_proj.weight-commitment.bin ... OK
    commit-param vit-block-22-input_layernorm.weight-commitment.bin ... OK
    commit-param vit-block-22-post_attention_layernorm.weight-commitment.bin ... OK
  Block 23:
    commit-param vit-block-23-self_attn.q_proj.weight-commitment.bin ... OK
    commit-param vit-block-23-self_attn.k_proj.weight-commitment.bin ... OK
    commit-param vit-block-23-self_attn.v_proj.weight-commitment.bin ... OK
    commit-param vit-block-23-self_attn.o_proj.weight-commitment.bin ... OK
    commit-param vit-block-23-mlp.gate_proj.weight-commitment.bin ... OK
    commit-param vit-block-23-mlp.up_proj.weight-commitment.bin ... OK
    commit-param vit-block-23-mlp.down_proj.weight-commitment.bin ... OK
    commit-param vit-block-23-input_layernorm.weight-commitment.bin ... OK
    commit-param vit-block-23-post_attention_layernorm.weight-commitment.bin ... OK
  Block 24:
    commit-param vit-block-24-self_attn.q_proj.weight-commitment.bin ... OK
    commit-param vit-block-24-self_attn.k_proj.weight-commitment.bin ... OK
    commit-param vit-block-24-self_attn.v_proj.weight-commitment.bin ... OK
    commit-param vit-block-24-self_attn.o_proj.weight-commitment.bin ... OK
    commit-param vit-block-24-mlp.gate_proj.weight-commitment.bin ... OK
    commit-param vit-block-24-mlp.up_proj.weight-commitment.bin ... OK
    commit-param vit-block-24-mlp.down_proj.weight-commitment.bin ... OK
    commit-param vit-block-24-input_layernorm.weight-commitment.bin ... OK
    commit-param vit-block-24-post_attention_layernorm.weight-commitment.bin ... OK
  Block 25:
    commit-param vit-block-25-self_attn.q_proj.weight-commitment.bin ... OK
    commit-param vit-block-25-self_attn.k_proj.weight-commitment.bin ... OK
    commit-param vit-block-25-self_attn.v_proj.weight-commitment.bin ... OK
    commit-param vit-block-25-self_attn.o_proj.weight-commitment.bin ... OK
    commit-param vit-block-25-mlp.gate_proj.weight-commitment.bin ... OK
    commit-param vit-block-25-mlp.up_proj.weight-commitment.bin ... OK
    commit-param vit-block-25-mlp.down_proj.weight-commitment.bin ... OK
    commit-param vit-block-25-input_layernorm.weight-commitment.bin ... OK
    commit-param vit-block-25-post_attention_layernorm.weight-commitment.bin ... OK
  Block 26:
    commit-param vit-block-26-self_attn.q_proj.weight-commitment.bin ... OK
    commit-param vit-block-26-self_attn.k_proj.weight-commitment.bin ... OK
    commit-param vit-block-26-self_attn.v_proj.weight-commitment.bin ... OK
    commit-param vit-block-26-self_attn.o_proj.weight-commitment.bin ... OK
    commit-param vit-block-26-mlp.gate_proj.weight-commitment.bin ... OK
    commit-param vit-block-26-mlp.up_proj.weight-commitment.bin ... OK
    commit-param vit-block-26-mlp.down_proj.weight-commitment.bin ... OK
    commit-param vit-block-26-input_layernorm.weight-commitment.bin ... OK
    commit-param vit-block-26-post_attention_layernorm.weight-commitment.bin ... OK
  Block 27:
    commit-param vit-block-27-self_attn.q_proj.weight-commitment.bin ... OK
    commit-param vit-block-27-self_attn.k_proj.weight-commitment.bin ... OK
    commit-param vit-block-27-self_attn.v_proj.weight-commitment.bin ... OK
    commit-param vit-block-27-self_attn.o_proj.weight-commitment.bin ... OK
    commit-param vit-block-27-mlp.gate_proj.weight-commitment.bin ... OK
    commit-param vit-block-27-mlp.up_proj.weight-commitment.bin ... OK
    commit-param vit-block-27-mlp.down_proj.weight-commitment.bin ... OK
    commit-param vit-block-27-input_layernorm.weight-commitment.bin ... OK
    commit-param vit-block-27-post_attention_layernorm.weight-commitment.bin ... OK
  Block 28:
    commit-param vit-block-28-self_attn.q_proj.weight-commitment.bin ... OK
    commit-param vit-block-28-self_attn.k_proj.weight-commitment.bin ... OK
    commit-param vit-block-28-self_attn.v_proj.weight-commitment.bin ... OK
    commit-param vit-block-28-self_attn.o_proj.weight-commitment.bin ... OK
    commit-param vit-block-28-mlp.gate_proj.weight-commitment.bin ... OK
    commit-param vit-block-28-mlp.up_proj.weight-commitment.bin ... OK
    commit-param vit-block-28-mlp.down_proj.weight-commitment.bin ... OK
    commit-param vit-block-28-input_layernorm.weight-commitment.bin ... OK
    commit-param vit-block-28-post_attention_layernorm.weight-commitment.bin ... OK
  Block 29:
    commit-param vit-block-29-self_attn.q_proj.weight-commitment.bin ... OK
    commit-param vit-block-29-self_attn.k_proj.weight-commitment.bin ... OK
    commit-param vit-block-29-self_attn.v_proj.weight-commitment.bin ... OK
    commit-param vit-block-29-self_attn.o_proj.weight-commitment.bin ... OK
    commit-param vit-block-29-mlp.gate_proj.weight-commitment.bin ... OK
    commit-param vit-block-29-mlp.up_proj.weight-commitment.bin ... OK
    commit-param vit-block-29-mlp.down_proj.weight-commitment.bin ... OK
    commit-param vit-block-29-input_layernorm.weight-commitment.bin ... OK
    commit-param vit-block-29-post_attention_layernorm.weight-commitment.bin ... OK
  Block 30:
    commit-param vit-block-30-self_attn.q_proj.weight-commitment.bin ... OK
    commit-param vit-block-30-self_attn.k_proj.weight-commitment.bin ... OK
    commit-param vit-block-30-self_attn.v_proj.weight-commitment.bin ... OK
    commit-param vit-block-30-self_attn.o_proj.weight-commitment.bin ... OK
    commit-param vit-block-30-mlp.gate_proj.weight-commitment.bin ... OK
    commit-param vit-block-30-mlp.up_proj.weight-commitment.bin ... OK
    commit-param vit-block-30-mlp.down_proj.weight-commitment.bin ... OK
    commit-param vit-block-30-input_layernorm.weight-commitment.bin ... OK
    commit-param vit-block-30-post_attention_layernorm.weight-commitment.bin ... OK
  Block 31:
    commit-param vit-block-31-self_attn.q_proj.weight-commitment.bin ... OK
    commit-param vit-block-31-self_attn.k_proj.weight-commitment.bin ... OK
    commit-param vit-block-31-self_attn.v_proj.weight-commitment.bin ... OK
    commit-param vit-block-31-self_attn.o_proj.weight-commitment.bin ... OK
    commit-param vit-block-31-mlp.gate_proj.weight-commitment.bin ... OK
    commit-param vit-block-31-mlp.up_proj.weight-commitment.bin ... OK
    commit-param vit-block-31-mlp.down_proj.weight-commitment.bin ... OK
    commit-param vit-block-31-input_layernorm.weight-commitment.bin ... OK
    commit-param vit-block-31-post_attention_layernorm.weight-commitment.bin ... OK

完成。
