[setup-cpu] 加载 embedding: N=303, D=2048, scale=65536
[pp-cpu] 生成 2048 个 G1 生成器（seed=42）...
[pp-cpu] 完成 21s → /root/autodl-tmp/UltraRAG/zkllm-workdir/jina-v4/embedding-pp-cpu.pkl

[commit-cpu] 开始批量承诺 N=303 个向量...
  [20/303]  均值=12.2s/条  预计剩余 57m39s
  [40/303]  均值=12.2s/条  预计剩余 53m24s
  [60/303]  均值=12.2s/条  预计剩余 49m19s
  [80/303]  均值=12.2s/条  预计剩余 45m10s
  [100/303]  均值=12.1s/条  预计剩余 40m56s
  [120/303]  均值=12.1s/条  预计剩余 36m49s
  [140/303]  均值=12.0s/条  预计剩余 32m43s
  [160/303]  均值=12.0s/条  预计剩余 28m39s
  [180/303]  均值=12.0s/条  预计剩余 24m36s
  [200/303]  均值=12.0s/条  预计剩余 20m34s
  [220/303]  均值=12.0s/条  预计剩余 16m33s
  [240/303]  均值=12.0s/条  预计剩余 12m33s
  [260/303]  均值=12.0s/条  预计剩余 8m33s
  [280/303]  均值=12.0s/条  预计剩余 4m34s
  [300/303]  均值=11.9s/条  预计剩余 0m35s
  [303/303]  均值=11.9s/条  预计剩余 0m0s

[output] 已写出 /root/autodl-tmp/UltraRAG/embedding/embedding_commitments_cpu.bin  (303×144B = 42.6 KB)
[output] 总耗时: 3617s

[verify] 抽样验证 2 个承诺...
  [i=256] ✓
  [i=192] ✓
[verify] 全部通过
