`torch_dtype` is deprecated! Use `dtype` instead!

Loading checkpoint shards:   0%|          | 0/2 [00:00<?, ?it/s]
Loading checkpoint shards: 100%|██████████| 2/2 [00:00<00:00, 19.36it/s]
Loading checkpoint shards: 100%|██████████| 2/2 [00:00<00:00, 19.31it/s]

Loading jina-v4 via SentenceTransformer ...
  loaded.

── 提取 RMSNorm 权重 ──────────────────────────────────────
  Layer 30:
    layer-30-input_layernorm.weight-int.bin  std=12161.7
    layer-30-post_attention_layernorm.weight-int.bin  std=12004.7
  Layer 31:
    layer-31-input_layernorm.weight-int.bin  std=23341.0
    layer-31-post_attention_layernorm.weight-int.bin  std=9177.0
  Layer 32:
    layer-32-input_layernorm.weight-int.bin  std=43309.4
    layer-32-post_attention_layernorm.weight-int.bin  std=9599.7
  Layer 33:
    layer-33-input_layernorm.weight-int.bin  std=57103.3
    layer-33-post_attention_layernorm.weight-int.bin  std=5939.5
  Layer 34:
    layer-34-input_layernorm.weight-int.bin  std=15895.1
    layer-34-post_attention_layernorm.weight-int.bin  std=5884.7
  Layer 35:
    layer-35-input_layernorm.weight-int.bin  std=18750.5
    layer-35-post_attention_layernorm.weight-int.bin  std=12078.6

── 生成公共参数 (ppgen) ────────────────────────────────────
  pp exists: input_layernorm.weight-pp.bin
  pp exists: post_attention_layernorm.weight-pp.bin

── 生成承诺 (commit-param) ──────────────────────────────────
  Layer 30:
    commitment exists: layer-30-input_layernorm.weight-commitment.bin
    commitment exists: layer-30-post_attention_layernorm.weight-commitment.bin
  Layer 31:
    commitment exists: layer-31-input_layernorm.weight-commitment.bin
    commitment exists: layer-31-post_attention_layernorm.weight-commitment.bin
  Layer 32:
    commitment exists: layer-32-input_layernorm.weight-commitment.bin
    commitment exists: layer-32-post_attention_layernorm.weight-commitment.bin
  Layer 33:
    commitment exists: layer-33-input_layernorm.weight-commitment.bin
    commitment exists: layer-33-post_attention_layernorm.weight-commitment.bin
  Layer 34:
    commitment exists: layer-34-input_layernorm.weight-commitment.bin
    commitment exists: layer-34-post_attention_layernorm.weight-commitment.bin
  Layer 35:
    commitment exists: layer-35-input_layernorm.weight-commitment.bin
    commitment exists: layer-35-post_attention_layernorm.weight-commitment.bin

完成。

