[setup] 加载 embedding: N=303, D=2048, scale=65536
[ppgen] 已存在，跳过: /root/autodl-tmp/UltraRAG/zkllm-workdir/jina-v4/embedding-pp.bin

[commit] 开始批量承诺 N=303 个向量...
  [20/303]  均值=0.4s/条  预计剩余 1m46s
  [40/303]  均值=0.4s/条  预计剩余 1m37s
  [60/303]  均值=0.4s/条  预计剩余 1m30s
  [80/303]  均值=0.4s/条  预计剩余 1m22s
  [100/303]  均值=0.4s/条  预计剩余 1m14s
  [120/303]  均值=0.4s/条  预计剩余 1m9s
  [140/303]  均值=0.4s/条  预计剩余 1m1s
  [160/303]  均值=0.4s/条  预计剩余 0m54s
  [180/303]  均值=0.4s/条  预计剩余 0m46s
  [200/303]  均值=0.4s/条  预计剩余 0m38s
  [220/303]  均值=0.4s/条  预计剩余 0m31s
  [240/303]  均值=0.4s/条  预计剩余 0m23s
  [260/303]  均值=0.4s/条  预计剩余 0m16s
  [280/303]  均值=0.4s/条  预计剩余 0m8s
  [300/303]  均值=0.4s/条  预计剩余 0m1s
  [303/303]  均值=0.4s/条  预计剩余 0m0s

[output] 已写出 /root/autodl-tmp/UltraRAG/embedding/embedding_commitments.bin  (303×144B = 42.6 KB)
[output] 总耗时: 114s

[verify] 抽样验证 3 个承诺的一致性...
  [i=192] ✓
  [i=154] ✓
  [i=256] ✓
[verify] 全部通过
