nohup: ignoring input
开始测试
zkLLM 完整层验证（8步）— layers [0, 1, 2, 3, 4, 5, 6, 7, 8, 9, 10, 11, 12, 13, 14, 15, 16, 17, 18, 19, 20, 21, 22, 23, 24, 25, 26, 27, 28, 29, 30, 31, 32, 33, 34, 35]
  步骤: input_layernorm → q/k/v linear → zkAttn → o_proj → skip1
        → post_attn_layernorm → FFN → skip2

[Layer 0] running 8-step proof pipeline ...
  Layer 0: ✓ PASS  (17403ms  fold=9/9  binding=9/9)
[Layer 1] running 8-step proof pipeline ...
  Layer 1: ✓ PASS  (17458ms  fold=9/9  binding=9/9)
[Layer 2] running 8-step proof pipeline ...
  Layer 2: ✓ PASS  (17529ms  fold=9/9  binding=9/9)
[Layer 3] running 8-step proof pipeline ...
  Layer 3: ✓ PASS  (17519ms  fold=9/9  binding=9/9)
[Layer 4] running 8-step proof pipeline ...
  Layer 4: ✓ PASS  (17401ms  fold=9/9  binding=9/9)
[Layer 5] running 8-step proof pipeline ...
  Layer 5: ✓ PASS  (17456ms  fold=9/9  binding=9/9)
[Layer 6] running 8-step proof pipeline ...
  Layer 6: ✓ PASS  (17565ms  fold=9/9  binding=9/9)
[Layer 7] running 8-step proof pipeline ...
  Layer 7: ✓ PASS  (17454ms  fold=9/9  binding=9/9)
[Layer 8] running 8-step proof pipeline ...
  Layer 8: ✓ PASS  (17539ms  fold=9/9  binding=9/9)
[Layer 9] running 8-step proof pipeline ...
  Layer 9: ✓ PASS  (17485ms  fold=9/9  binding=9/9)
[Layer 10] running 8-step proof pipeline ...
  Layer 10: ✓ PASS  (17516ms  fold=9/9  binding=9/9)
[Layer 11] running 8-step proof pipeline ...
  Layer 11: ✓ PASS  (17510ms  fold=9/9  binding=9/9)
[Layer 12] running 8-step proof pipeline ...
  Layer 12: ✓ PASS  (17613ms  fold=9/9  binding=9/9)
[Layer 13] running 8-step proof pipeline ...
  Layer 13: ✓ PASS  (17479ms  fold=9/9  binding=9/9)
[Layer 14] running 8-step proof pipeline ...
  Layer 14: ✓ PASS  (17449ms  fold=9/9  binding=9/9)
[Layer 15] running 8-step proof pipeline ...
  Layer 15: ✓ PASS  (17640ms  fold=9/9  binding=9/9)
[Layer 16] running 8-step proof pipeline ...
  Layer 16: ✓ PASS  (17521ms  fold=9/9  binding=9/9)
[Layer 17] running 8-step proof pipeline ...
  Layer 17: ✓ PASS  (17472ms  fold=9/9  binding=9/9)
[Layer 18] running 8-step proof pipeline ...
  Layer 18: ✓ PASS  (17422ms  fold=9/9  binding=9/9)
[Layer 19] running 8-step proof pipeline ...
  Layer 19: ✓ PASS  (17673ms  fold=9/9  binding=9/9)
[Layer 20] running 8-step proof pipeline ...
  Layer 20: ✓ PASS  (17564ms  fold=9/9  binding=9/9)
[Layer 21] running 8-step proof pipeline ...
  Layer 21: ✓ PASS  (17501ms  fold=9/9  binding=9/9)
[Layer 22] running 8-step proof pipeline ...
  Layer 22: ✓ PASS  (17463ms  fold=9/9  binding=9/9)
[Layer 23] running 8-step proof pipeline ...
  Layer 23: ✓ PASS  (17454ms  fold=9/9  binding=9/9)
[Layer 24] running 8-step proof pipeline ...
  Layer 24: ✓ PASS  (17450ms  fold=9/9  binding=9/9)
[Layer 25] running 8-step proof pipeline ...
  Layer 25: ✓ PASS  (17477ms  fold=9/9  binding=9/9)
[Layer 26] running 8-step proof pipeline ...
  Layer 26: ✓ PASS  (17520ms  fold=9/9  binding=9/9)
[Layer 27] running 8-step proof pipeline ...
  Layer 27: ✓ PASS  (17456ms  fold=9/9  binding=9/9)
[Layer 28] running 8-step proof pipeline ...
  Layer 28: ✓ PASS  (17402ms  fold=9/9  binding=9/9)
[Layer 29] running 8-step proof pipeline ...
  Layer 29: ✓ PASS  (17465ms  fold=9/9  binding=9/9)
[Layer 30] running 8-step proof pipeline ...
  Layer 30: ✓ PASS  (17388ms  fold=9/9  binding=9/9)
[Layer 31] running 8-step proof pipeline ...
  Layer 31: ✓ PASS  (17652ms  fold=9/9  binding=9/9)
[Layer 32] running 8-step proof pipeline ...
  Layer 32: ✓ PASS  (17560ms  fold=9/9  binding=9/9)
[Layer 33] running 8-step proof pipeline ...
  Layer 33: ✓ PASS  (17486ms  fold=9/9  binding=9/9)
[Layer 34] running 8-step proof pipeline ...
  Layer 34: ✓ PASS  (17433ms  fold=9/9  binding=9/9)
[Layer 35] running 8-step proof pipeline ...
  Layer 35: ✓ PASS  (17552ms  fold=9/9  binding=9/9)

━━━━━━━━━━━━━━━━━━━━━━━━━━━━━━━━━━━━━━━━━━━━━━━━━━━━━━━━
Layers passed:  36/36
Total time:     1612476ms
━━━━━━━━━━━━━━━━━━━━━━━━━━━━━━━━━━━━━━━━━━━━━━━━━━━━━━━━
Results: /root/autodl-tmp/UltraRAG/notes/experiment_results/verify_36layers.json
