zkLLM ViT 验证 — blocks [0, 1, 2, 3, 4, 5, 6, 7, 8, 9, 10, 11, 12, 13, 14, 15, 16, 17, 18, 19, 20, 21, 22, 23, 24, 25, 26, 27, 28, 29, 30, 31]  [2-GPU parallel]
  seq=1024, hidden=1280, inter=3420
  MHA: num_kv_heads=16, head_dim=80

  GPU0: blocks [0, 2, 4, 6, 8, 10, 12, 14, 16, 18, 20, 22, 24, 26, 28, 30]
  GPU1: blocks [1, 3, 5, 7, 9, 11, 13, 15, 17, 19, 21, 23, 25, 27, 29, 31]

  Block 0: ✓ PASS  (14216ms  fold=9/9  binding=9/9)
  Block 2: ✓ PASS  (13583ms  fold=9/9  binding=9/9)
  Block 4: ✓ PASS  (13867ms  fold=9/9  binding=9/9)
  Block 6: ✓ PASS  (13606ms  fold=9/9  binding=9/9)
  Block 8: ✓ PASS  (13660ms  fold=9/9  binding=9/9)
  Block 10: ✓ PASS  (13542ms  fold=9/9  binding=9/9)
  Block 12: ✓ PASS  (13548ms  fold=9/9  binding=9/9)
  Block 14: ✓ PASS  (13681ms  fold=9/9  binding=9/9)
  Block 16: ✓ PASS  (13525ms  fold=9/9  binding=9/9)
  Block 18: ✓ PASS  (13628ms  fold=9/9  binding=9/9)
  Block 20: ✓ PASS  (13604ms  fold=9/9  binding=9/9)
  Block 22: ✓ PASS  (13285ms  fold=9/9  binding=9/9)
  Block 24: ✓ PASS  (13306ms  fold=9/9  binding=9/9)
  Block 26: ✓ PASS  (13340ms  fold=9/9  binding=9/9)
  Block 28: ✓ PASS  (13362ms  fold=9/9  binding=9/9)
  Block 30: ✓ PASS  (12788ms  fold=9/9  binding=9/9)
  Block 1: ✓ PASS  (14261ms  fold=9/9  binding=9/9)
  Block 3: ✓ PASS  (14186ms  fold=9/9  binding=9/9)
  Block 5: ✓ PASS  (13703ms  fold=9/9  binding=9/9)
  Block 7: ✓ PASS  (13679ms  fold=9/9  binding=9/9)
  Block 9: ✓ PASS  (13848ms  fold=9/9  binding=9/9)
  Block 11: ✓ PASS  (13850ms  fold=9/9  binding=9/9)
  Block 13: ✓ PASS  (13895ms  fold=9/9  binding=9/9)
  Block 15: ✓ PASS  (13901ms  fold=9/9  binding=9/9)
  Block 17: ✓ PASS  (13678ms  fold=9/9  binding=9/9)
  Block 19: ✓ PASS  (13585ms  fold=9/9  binding=9/9)
  Block 21: ✓ PASS  (13623ms  fold=9/9  binding=9/9)
  Block 23: ✓ PASS  (13489ms  fold=9/9  binding=9/9)
  Block 25: ✓ PASS  (13289ms  fold=9/9  binding=9/9)
  Block 27: ✓ PASS  (13614ms  fold=9/9  binding=9/9)
  Block 29: ✓ PASS  (13792ms  fold=9/9  binding=9/9)
  Block 31: ✓ PASS  (13371ms  fold=9/9  binding=9/9)
[Block 0] ✓ PASS  (14216ms)
[Block 1] ✓ PASS  (14261ms)
[Block 2] ✓ PASS  (13583ms)
[Block 3] ✓ PASS  (14186ms)
[Block 4] ✓ PASS  (13867ms)
[Block 5] ✓ PASS  (13703ms)
[Block 6] ✓ PASS  (13606ms)
[Block 7] ✓ PASS  (13679ms)
[Block 8] ✓ PASS  (13660ms)
[Block 9] ✓ PASS  (13848ms)
[Block 10] ✓ PASS  (13542ms)
[Block 11] ✓ PASS  (13850ms)
[Block 12] ✓ PASS  (13548ms)
[Block 13] ✓ PASS  (13895ms)
[Block 14] ✓ PASS  (13681ms)
[Block 15] ✓ PASS  (13901ms)
[Block 16] ✓ PASS  (13525ms)
[Block 17] ✓ PASS  (13678ms)
[Block 18] ✓ PASS  (13628ms)
[Block 19] ✓ PASS  (13585ms)
[Block 20] ✓ PASS  (13604ms)
[Block 21] ✓ PASS  (13623ms)
[Block 22] ✓ PASS  (13285ms)
[Block 23] ✓ PASS  (13489ms)
[Block 24] ✓ PASS  (13306ms)
[Block 25] ✓ PASS  (13289ms)
[Block 26] ✓ PASS  (13340ms)
[Block 27] ✓ PASS  (13614ms)
[Block 28] ✓ PASS  (13362ms)
[Block 29] ✓ PASS  (13792ms)
[Block 30] ✓ PASS  (12788ms)
[Block 31] ✓ PASS  (13371ms)

━━━━━━━━━━━━━━━━━━━━━━━━━━━━━━━━━━━━━━━━━━━━━━━━━━━━━━━━
Blocks passed:  32/32
Total time:     4582389ms
━━━━━━━━━━━━━━━━━━━━━━━━━━━━━━━━━━━━━━━━━━━━━━━━━━━━━━━━
Results: /root/autodl-tmp/UltraRAG/notes/experiment_results/verify_vit.json
