nohup: ignoring input
zkLLM ViT 验证 — blocks [0, 1, 2, 3, 4, 5, 6, 7, 8, 9, 10, 11, 12, 13, 14, 15, 16, 17, 18, 19, 20, 21, 22, 23, 24, 25, 26, 27, 28, 29, 30, 31]  [2-GPU parallel]
  seq=1024, hidden=1280, inter=3420
  MHA: num_kv_heads=16, head_dim=80

  GPU0: blocks [0, 2, 4, 6, 8, 10, 12, 14, 16, 18, 20, 22, 24, 26, 28, 30]
  GPU1: blocks [1, 3, 5, 7, 9, 11, 13, 15, 17, 19, 21, 23, 25, 27, 29, 31]

  Block 0: ✓ PASS  (18593ms  fold=9/9  binding=9/9)
  Block 1: ✓ PASS  (18944ms  fold=9/9  binding=9/9)
  Block 2: ✓ PASS  (18798ms  fold=9/9  binding=9/9)
  Block 3: ✓ PASS  (18655ms  fold=9/9  binding=9/9)
  Block 4: ✓ PASS  (18366ms  fold=9/9  binding=9/9)
  Block 5: ✓ PASS  (18200ms  fold=9/9  binding=9/9)
  Block 6: ✓ PASS  (18299ms  fold=9/9  binding=9/9)
  Block 7: ✓ PASS  (18140ms  fold=9/9  binding=9/9)
  Block 8: ✓ PASS  (18076ms  fold=9/9  binding=9/9)
  Block 9: ✓ PASS  (17944ms  fold=9/9  binding=9/9)
  Block 10: ✓ PASS  (18198ms  fold=9/9  binding=9/9)
  Block 11: ✓ PASS  (18157ms  fold=9/9  binding=9/9)
  Block 12: ✓ PASS  (18228ms  fold=9/9  binding=9/9)
  Block 13: ✓ PASS  (17994ms  fold=9/9  binding=9/9)
  Block 14: ✓ PASS  (17794ms  fold=9/9  binding=9/9)
  Block 15: ✓ PASS  (18547ms  fold=9/9  binding=9/9)
  Block 16: ✓ PASS  (18420ms  fold=9/9  binding=9/9)
  Block 17: ✓ PASS  (18538ms  fold=9/9  binding=9/9)
  Block 18: ✓ PASS  (18332ms  fold=9/9  binding=9/9)
  Block 19: ✓ PASS  (18460ms  fold=9/9  binding=9/9)
  Block 20: ✓ PASS  (18152ms  fold=9/9  binding=9/9)
  Block 21: ✓ PASS  (18621ms  fold=9/9  binding=9/9)
  Block 22: ✓ PASS  (18003ms  fold=9/9  binding=9/9)
  Block 23: ✓ PASS  (19067ms  fold=9/9  binding=9/9)
  Block 24: ✓ PASS  (18136ms  fold=9/9  binding=9/9)
  Block 25: ✓ PASS  (19637ms  fold=9/9  binding=9/9)
  Block 26: ✓ PASS  (18556ms  fold=9/9  binding=9/9)
  Block 27: ✓ PASS  (19517ms  fold=9/9  binding=9/9)
  Block 28: ✓ PASS  (19081ms  fold=9/9  binding=9/9)
  Block 29: ✓ PASS  (19479ms  fold=9/9  binding=9/9)
  Block 30: ✓ PASS  (18655ms  fold=9/9  binding=9/9)
  Block 31: ✓ PASS  (19147ms  fold=9/9  binding=9/9)
[Block 0] ✓ PASS  (18593ms)
[Block 1] ✓ PASS  (18944ms)
[Block 2] ✓ PASS  (18798ms)
[Block 3] ✓ PASS  (18655ms)
[Block 4] ✓ PASS  (18366ms)
[Block 5] ✓ PASS  (18200ms)
[Block 6] ✓ PASS  (18299ms)
[Block 7] ✓ PASS  (18140ms)
[Block 8] ✓ PASS  (18076ms)
[Block 9] ✓ PASS  (17944ms)
[Block 10] ✓ PASS  (18198ms)
[Block 11] ✓ PASS  (18157ms)
[Block 12] ✓ PASS  (18228ms)
[Block 13] ✓ PASS  (17994ms)
[Block 14] ✓ PASS  (17794ms)
[Block 15] ✓ PASS  (18547ms)
[Block 16] ✓ PASS  (18420ms)
[Block 17] ✓ PASS  (18538ms)
[Block 18] ✓ PASS  (18332ms)
[Block 19] ✓ PASS  (18460ms)
[Block 20] ✓ PASS  (18152ms)
[Block 21] ✓ PASS  (18621ms)
[Block 22] ✓ PASS  (18003ms)
[Block 23] ✓ PASS  (19067ms)
[Block 24] ✓ PASS  (18136ms)
[Block 25] ✓ PASS  (19637ms)
[Block 26] ✓ PASS  (18556ms)
[Block 27] ✓ PASS  (19517ms)
[Block 28] ✓ PASS  (19081ms)
[Block 29] ✓ PASS  (19479ms)
[Block 30] ✓ PASS  (18655ms)
[Block 31] ✓ PASS  (19147ms)

━━━━━━━━━━━━━━━━━━━━━━━━━━━━━━━━━━━━━━━━━━━━━━━━━━━━━━━━
Blocks passed:  32/32
Total time:     387441ms
━━━━━━━━━━━━━━━━━━━━━━━━━━━━━━━━━━━━━━━━━━━━━━━━━━━━━━━━
Results: /root/autodl-tmp/UltraRAG/notes/experiment_results/verify_vit.json
