nohup: ignoring input
开始测试
zkLLM 完整层验证（8步）— layers [0, 1, 2, 3, 4, 5, 6, 7, 8, 9, 10, 11, 12, 13, 14, 15, 16, 17, 18, 19, 20, 21, 22, 23, 24, 25, 26, 27, 28, 29, 30, 31, 32, 33, 34, 35]
  步骤: input_layernorm → q/k/v linear → zkAttn → o_proj → skip1
        → post_attn_layernorm → FFN → skip2
  模式: 2-GPU 并行（偶数层→GPU0，奇数层→GPU1）

[GPU0] Layer 0 running ...
[GPU1] Layer 1 running ...
  Layer 1: ✓ PASS  (52632ms  fold=9/9  binding=9/9)
[GPU1] Layer 3 running ...
  Layer 0: ✓ PASS  (53489ms  fold=9/9  binding=9/9)
[GPU0] Layer 2 running ...
  Layer 3: ✓ PASS  (51829ms  fold=9/9  binding=9/9)
[GPU1] Layer 5 running ...
  Layer 2: ✓ PASS  (49849ms  fold=9/9  binding=9/9)
[GPU0] Layer 4 running ...
  Layer 4: ✓ PASS  (48409ms  fold=9/9  binding=9/9)
[GPU0] Layer 6 running ...
  Layer 5: ✓ PASS  (56008ms  fold=9/9  binding=9/9)
[GPU1] Layer 7 running ...
  Layer 6: ✓ PASS  (50893ms  fold=9/9  binding=9/9)
[GPU0] Layer 8 running ...
  Layer 7: ✓ PASS  (53993ms  fold=9/9  binding=9/9)
[GPU1] Layer 9 running ...
  Layer 8: ✓ PASS  (51975ms  fold=9/9  binding=9/9)
[GPU0] Layer 10 running ...
  Layer 9: ✓ PASS  (53655ms  fold=9/9  binding=9/9)
[GPU1] Layer 11 running ...
  Layer 10: ✓ PASS  (50850ms  fold=9/9  binding=9/9)
[GPU0] Layer 12 running ...
  Layer 11: ✓ PASS  (52530ms  fold=9/9  binding=9/9)
[GPU1] Layer 13 running ...
  Layer 12: ✓ PASS  (51307ms  fold=9/9  binding=9/9)
[GPU0] Layer 14 running ...
  Layer 13: ✓ PASS  (55277ms  fold=9/9  binding=9/9)
[GPU1] Layer 15 running ...
  Layer 14: ✓ PASS  (55494ms  fold=9/9  binding=9/9)
[GPU0] Layer 16 running ...
  Layer 15: ✓ PASS  (53750ms  fold=9/9  binding=9/9)
[GPU1] Layer 17 running ...
  Layer 16: ✓ PASS  (51500ms  fold=9/9  binding=9/9)
[GPU0] Layer 18 running ...
  Layer 17: ✓ PASS  (53642ms  fold=9/9  binding=9/9)
[GPU1] Layer 19 running ...
  Layer 18: ✓ PASS  (54073ms  fold=9/9  binding=9/9)
[GPU0] Layer 20 running ...
  Layer 19: ✓ PASS  (55684ms  fold=9/9  binding=9/9)
[GPU1] Layer 21 running ...
  Layer 20: ✓ PASS  (52339ms  fold=9/9  binding=9/9)
[GPU0] Layer 22 running ...
  Layer 21: ✓ PASS  (56883ms  fold=9/9  binding=9/9)
[GPU1] Layer 23 running ...
  Layer 22: ✓ PASS  (52446ms  fold=9/9  binding=9/9)
[GPU0] Layer 24 running ...
  Layer 23: ✓ PASS  (54848ms  fold=9/9  binding=9/9)
[GPU1] Layer 25 running ...
  Layer 24: ✓ PASS  (52285ms  fold=9/9  binding=9/9)
[GPU0] Layer 26 running ...
  Layer 25: ✓ PASS  (54603ms  fold=9/9  binding=9/9)
[GPU1] Layer 27 running ...
  Layer 26: ✓ PASS  (53849ms  fold=9/9  binding=9/9)
[GPU0] Layer 28 running ...
  Layer 27: ✓ PASS  (54444ms  fold=9/9  binding=9/9)
[GPU1] Layer 29 running ...
  Layer 28: ✓ PASS  (53867ms  fold=9/9  binding=9/9)
[GPU0] Layer 30 running ...
  Layer 29: ✓ PASS  (54580ms  fold=9/9  binding=9/9)
[GPU1] Layer 31 running ...
  Layer 30: ✓ PASS  (52040ms  fold=9/9  binding=9/9)
[GPU0] Layer 32 running ...
  Layer 31: ✓ PASS  (55149ms  fold=9/9  binding=9/9)
[GPU1] Layer 33 running ...
  Layer 32: ✓ PASS  (37852ms  fold=9/9  binding=9/9)
[GPU0] Layer 34 running ...
  Layer 34: ✓ PASS  (25766ms  fold=9/9  binding=9/9)
  Layer 33: ✓ PASS  (41384ms  fold=9/9  binding=9/9)
[GPU1] Layer 35 running ...
  Layer 35: ✓ PASS  (24263ms  fold=9/9  binding=9/9)

━━━━━━━━━━━━━━━━━━━━━━━━━━━━━━━━━━━━━━━━━━━━━━━━━━━━━━━━
Layers passed:  36/36
Total time:     1032059ms
━━━━━━━━━━━━━━━━━━━━━━━━━━━━━━━━━━━━━━━━━━━━━━━━━━━━━━━━
Results: /root/autodl-tmp/UltraRAG/notes/experiment_results/verify_layers.json
